../Core/Src/motor_control/motor.c:32:6:motor_init	16	static
../Core/Src/motor_control/motor.c:65:10:motor_set_dead_time	32	static
../Core/Src/motor_control/motor.c:104:6:motor_set_duty_cycle	24	static
../Core/Src/motor_control/motor.c:125:6:motor_stop	8	static
../Core/Src/motor_control/motor.c:139:5:motor_cmd_start	24	static
../Core/Src/motor_control/motor.c:154:5:motor_cmd_set_duty	32	static
../Core/Src/motor_control/motor.c:183:5:motor_cmd_stop	24	static
../Core/Src/motor_control/motor.c:197:12:is_numeric	24	static
../Core/Src/motor_control/motor.c:208:5:motor_control	32	static
