Archive member included to satisfy reference by file (symbol)

/home/sedrenn/st/stm32cubeide_1.19.0/plugins/com.st.stm32cube.ide.mcu.externaltools.gnu-tools-for-stm32.13.3.rel1.linux64_1.0.0.202410170706/tools/bin/../lib/gcc/arm-none-eabi/13.3.1/../../../../arm-none-eabi/lib/thumb/v7e-m+fp/hard/libc_nano.a(libc_a-exit.o)
                              /home/sedrenn/st/stm32cubeide_1.19.0/plugins/com.st.stm32cube.ide.mcu.externaltools.gnu-tools-for-stm32.13.3.rel1.linux64_1.0.0.202410170706/tools/bin/../lib/gcc/arm-none-eabi/13.3.1/../../../../arm-none-eabi/lib/thumb/v7e-m+fp/hard/crt0.o (exit)
/home/sedrenn/st/stm32cubeide_1.19.0/plugins/com.st.stm32cube.ide.mcu.externaltools.gnu-tools-for-stm32.13.3.rel1.linux64_1.0.0.202410170706/tools/bin/../lib/gcc/arm-none-eabi/13.3.1/../../../../arm-none-eabi/lib/thumb/v7e-m+fp/hard/libc_nano.a(libc_a-findfp.o)
                              /home/sedrenn/st/stm32cubeide_1.19.0/plugins/com.st.stm32cube.ide.mcu.externaltools.gnu-tools-for-stm32.13.3.rel1.linux64_1.0.0.202410170706/tools/bin/../lib/gcc/arm-none-eabi/13.3.1/../../../../arm-none-eabi/lib/thumb/v7e-m+fp/hard/libc_nano.a(libc_a-exit.o) (__stdio_exit_handler)
/home/sedrenn/st/stm32cubeide_1.19.0/plugins/com.st.stm32cube.ide.mcu.externaltools.gnu-tools-for-stm32.13.3.rel1.linux64_1.0.0.202410170706/tools/bin/../lib/gcc/arm-none-eabi/13.3.1/../../../../arm-none-eabi/lib/thumb/v7e-m+fp/hard/libc_nano.a(libc_a-fwalk.o)
                              /home/sedrenn/st/stm32cubeide_1.19.0/plugins/com.st.stm32cube.ide.mcu.externaltools.gnu-tools-for-stm32.13.3.rel1.linux64_1.0.0.202410170706/tools/bin/../lib/gcc/arm-none-eabi/13.3.1/../../../../arm-none-eabi/lib/thumb/v7e-m+fp/hard/libc_nano.a(libc_a-findfp.o) (_fwalk_sglue)
/home/sedrenn/st/stm32cubeide_1.19.0/plugins/com.st.stm32cube.ide.mcu.externaltools.gnu-tools-for-stm32.13.3.rel1.linux64_1.0.0.202410170706/tools/bin/../lib/gcc/arm-none-eabi/13.3.1/../../../../arm-none-eabi/lib/thumb/v7e-m+fp/hard/libc_nano.a(libc_a-snprintf.o)
                              ./Core/Src/user_interface/led.o (snprintf)
/home/sedrenn/st/stm32cubeide_1.19.0/plugins/com.st.stm32cube.ide.mcu.externaltools.gnu-tools-for-stm32.13.3.rel1.linux64_1.0.0.202410170706/tools/bin/../lib/gcc/arm-none-eabi/13.3.1/../../../../arm-none-eabi/lib/thumb/v7e-m+fp/hard/libc_nano.a(libc_a-stdio.o)
                              /home/sedrenn/st/stm32cubeide_1.19.0/plugins/com.st.stm32cube.ide.mcu.externaltools.gnu-tools-for-stm32.13.3.rel1.linux64_1.0.0.202410170706/tools/bin/../lib/gcc/arm-none-eabi/13.3.1/../../../../arm-none-eabi/lib/thumb/v7e-m+fp/hard/libc_nano.a(libc_a-findfp.o) (__sread)
/home/sedrenn/st/stm32cubeide_1.19.0/plugins/com.st.stm32cube.ide.mcu.externaltools.gnu-tools-for-stm32.13.3.rel1.linux64_1.0.0.202410170706/tools/bin/../lib/gcc/arm-none-eabi/13.3.1/../../../../arm-none-eabi/lib/thumb/v7e-m+fp/hard/libc_nano.a(libc_a-memset.o)
                              /home/sedrenn/st/stm32cubeide_1.19.0/plugins/com.st.stm32cube.ide.mcu.externaltools.gnu-tools-for-stm32.13.3.rel1.linux64_1.0.0.202410170706/tools/bin/../lib/gcc/arm-none-eabi/13.3.1/../../../../arm-none-eabi/lib/thumb/v7e-m+fp/hard/crt0.o (memset)
/home/sedrenn/st/stm32cubeide_1.19.0/plugins/com.st.stm32cube.ide.mcu.externaltools.gnu-tools-for-stm32.13.3.rel1.linux64_1.0.0.202410170706/tools/bin/../lib/gcc/arm-none-eabi/13.3.1/../../../../arm-none-eabi/lib/thumb/v7e-m+fp/hard/libc_nano.a(libc_a-closer.o)
                              /home/sedrenn/st/stm32cubeide_1.19.0/plugins/com.st.stm32cube.ide.mcu.externaltools.gnu-tools-for-stm32.13.3.rel1.linux64_1.0.0.202410170706/tools/bin/../lib/gcc/arm-none-eabi/13.3.1/../../../../arm-none-eabi/lib/thumb/v7e-m+fp/hard/libc_nano.a(libc_a-stdio.o) (_close_r)
/home/sedrenn/st/stm32cubeide_1.19.0/plugins/com.st.stm32cube.ide.mcu.externaltools.gnu-tools-for-stm32.13.3.rel1.linux64_1.0.0.202410170706/tools/bin/../lib/gcc/arm-none-eabi/13.3.1/../../../../arm-none-eabi/lib/thumb/v7e-m+fp/hard/libc_nano.a(libc_a-reent.o)
                              /home/sedrenn/st/stm32cubeide_1.19.0/plugins/com.st.stm32cube.ide.mcu.externaltools.gnu-tools-for-stm32.13.3.rel1.linux64_1.0.0.202410170706/tools/bin/../lib/gcc/arm-none-eabi/13.3.1/../../../../arm-none-eabi/lib/thumb/v7e-m+fp/hard/libc_nano.a(libc_a-closer.o) (errno)
/home/sedrenn/st/stm32cubeide_1.19.0/plugins/com.st.stm32cube.ide.mcu.externaltools.gnu-tools-for-stm32.13.3.rel1.linux64_1.0.0.202410170706/tools/bin/../lib/gcc/arm-none-eabi/13.3.1/../../../../arm-none-eabi/lib/thumb/v7e-m+fp/hard/libc_nano.a(libc_a-impure.o)
                              /home/sedrenn/st/stm32cubeide_1.19.0/plugins/com.st.stm32cube.ide.mcu.externaltools.gnu-tools-for-stm32.13.3.rel1.linux64_1.0.0.202410170706/tools/bin/../lib/gcc/arm-none-eabi/13.3.1/../../../../arm-none-eabi/lib/thumb/v7e-m+fp/hard/libc_nano.a(libc_a-snprintf.o) (_impure_ptr)
[...]
Memory Configuration

Name             Origin             Length             Attributes
RAM              0x20000000         0x00020000         xrw
FLASH            0x08000000         0x00080000         xr
*default*        0x00000000         0xffffffff

Linker script and memory map

LOAD /home/sedrenn/st/stm32cubeide_1.19.0/plugins/com.st.stm32cube.ide.mcu.externaltools.gnu-tools-for-stm32.13.3.rel1.linux64_1.0.0.202410170706/tools/bin/../lib/gcc/arm-none-eabi/13.3.1/thumb/v7e-m+fp/hard/crti.o
LOAD /home/sedrenn/st/stm32cubeide_1.19.0/plugins/com.st.stm32cube.ide.mcu.externaltools.gnu-tools-for-stm32.13.3.rel1.linux64_1.0.0.202410170706/tools/bin/../lib/gcc/arm-none-eabi/13.3.1/thumb/v7e-m+fp/hard/crtbegin.o
LOAD /home/sedrenn/st/stm32cubeide_1.19.0/plugins/com.st.stm32cube.ide.mcu.externaltools.gnu-tools-for-stm32.13.3.rel1.linux64_1.0.0.202410170706/tools/bin/../lib/gcc/arm-none-eabi/13.3.1/../../../../arm-none-eabi/lib/thumb/v7e-m+fp/hard/crt0.o
LOAD ./Core/Src/acquisition/input_analog.o
LOAD ./Core/Src/acquisition/input_encoder.o
LOAD ./Core/Src/adc.o
LOAD ./Core/Src/app.o
LOAD ./Core/Src/gpio.o
LOAD ./Core/Src/main.o
LOAD ./Core/Src/stm32g4xx_hal_msp.o
LOAD ./Core/Src/stm32g4xx_hal_timebase_tim.o
LOAD ./Core/Src/stm32g4xx_it.o
LOAD ./Core/Src/syscalls.o
LOAD ./Core/Src/sysmem.o
LOAD ./Core/Src/system_stm32g4xx.o
LOAD ./Core/Src/tim.o
LOAD ./Core/Src/usart.o
LOAD ./Core/Src/motor_control/asserv.o
LOAD ./Core/Src/motor_control/motor.o
LOAD ./Core/Src/user_interface/button.o
LOAD ./Core/Src/user_interface/led.o
LOAD ./Core/Src/user_interface/shell.o
LOAD ./Core/Startup/startup_stm32g474retx.o
LOAD ./Drivers/STM32G4xx_HAL_Driver/Src/stm32g4xx_hal.o
LOAD ./Drivers/STM32G4xx_HAL_Driver/Src/stm32g4xx_hal_adc.o
LOAD ./Drivers/STM32G4xx_HAL_Driver/Src/stm32g4xx_hal_adc_ex.o
LOAD ./Drivers/STM32G4xx_HAL_Driver/Src/stm32g4xx_hal_cortex.o
LOAD ./Drivers/STM32G4xx_HAL_Driver/Src/stm32g4xx_hal_dma.o
LOAD ./Drivers/STM32G4xx_HAL_Driver/Src/stm32g4xx_hal_dma_ex.o
LOAD ./Drivers/STM32G4xx_HAL_Driver/Src/stm32g4xx_hal_exti.o
LOAD ./Drivers/STM32G4xx_HAL_Driver/Src/stm32g4xx_hal_flash.o
LOAD ./Drivers/STM32G4xx_HAL_Driver/Src/stm32g4xx_hal_flash_ex.o
LOAD ./Drivers/STM32G4xx_HAL_Driver/Src/stm32g4xx_hal_flash_ramfunc.o
LOAD ./Drivers/STM32G4xx_HAL_Driver/Src/stm32g4xx_hal_gpio.o
LOAD ./Drivers/STM32G4xx_HAL_Driver/Src/stm32g4xx_hal_pwr.o
LOAD ./Drivers/STM32G4xx_HAL_Driver/Src/stm32g4xx_hal_pwr_ex.o
LOAD ./Drivers/STM32G4xx_HAL_Driver/Src/stm32g4xx_hal_rcc.o
LOAD ./Drivers/STM32G4xx_HAL_Driver/Src/stm32g4xx_hal_rcc_ex.o
LOAD ./Drivers/STM32G4xx_HAL_Driver/Src/stm32g4xx_hal_tim.o
LOAD ./Drivers/STM32G4xx_HAL_Driver/Src/stm32g4xx_hal_tim_ex.o
LOAD ./Drivers/STM32G4xx_HAL_Driver/Src/stm32g4xx_hal_uart.o
LOAD ./Drivers/STM32G4xx_HAL_Driver/Src/stm32g4xx_hal_uart_ex.o
LOAD ./Drivers/STM32G4xx_HAL_Driver/Src/stm32g4xx_ll_adc.o
START GROUP
LOAD /home/sedrenn/st/stm32cubeide_1.19.0/plugins/com.st.stm32cube.ide.mcu.externaltools.gnu-tools-for-stm32.13.3.rel1.linux64_1.0.0.202410170706/tools/bin/../lib/gcc/arm-none-eabi/13.3.1/../../../../arm-none-eabi/lib/thumb/v7e-m+fp/hard/libc_nano.a
LOAD /home/sedrenn/st/stm32cubeide_1.19.0/plugins/com.st.stm32cube.ide.mcu.externaltools.gnu-tools-for-stm32.13.3.rel1.linux64_1.0.0.202410170706/tools/bin/../lib/gcc/arm-none-eabi/13.3.1/../../../../arm-none-eabi/lib/thumb/v7e-m+fp/hard/libm.a
END GROUP
START GROUP
LOAD /home/sedrenn/st/stm32cubeide_1.19.0/plugins/com.st.stm32cube.ide.mcu.externaltools.gnu-tools-for-stm32.13.3.rel1.linux64_1.0.0.202410170706/tools/bin/../lib/gcc/arm-none-eabi/13.3.1/thumb/v7e-m+fp/hard/libgcc.a
LOAD /home/sedrenn/st/stm32cubeide_1.19.0/plugins/com.st.stm32cube.ide.mcu.externaltools.gnu-tools-for-stm32.13.3.rel1.linux64_1.0.0.202410170706/tools/bin/../lib/gcc/arm-none-eabi/13.3.1/../../../../arm-none-eabi/lib/thumb/v7e-m+fp/hard/libc_nano.a
END GROUP
START GROUP
LOAD /home/sedrenn/st/stm32cubeide_1.19.0/plugins/com.st.stm32cube.ide.mcu.externaltools.gnu-tools-for-stm32.13.3.rel1.linux64_1.0.0.202410170706/tools/bin/../lib/gcc/arm-none-eabi/13.3.1/thumb/v7e-m+fp/hard/libgcc.a
LOAD /home/sedrenn/st/stm32cubeide_1.19.0/plugins/com.st.stm32cube.ide.mcu.externaltools.gnu-tools-for-stm32.13.3.rel1.linux64_1.0.0.202410170706/tools/bin/../lib/gcc/arm-none-eabi/13.3.1/../../../../arm-none-eabi/lib/thumb/v7e-m+fp/hard/libc_nano.a
LOAD /home/sedrenn/st/stm32cubeide_1.19.0/plugins/com.st.stm32cube.ide.mcu.externaltools.gnu-tools-for-stm32.13.3.rel1.linux64_1.0.0.202410170706/tools/bin/../lib/gcc/arm-none-eabi/13.3.1/../../../../arm-none-eabi/lib/thumb/v7e-m+fp/hard/libnosys.a
END GROUP
START GROUP
LOAD /home/sedrenn/st/stm32cubeide_1.19.0/plugins/com.st.stm32cube.ide.mcu.externaltools.gnu-tools-for-stm32.13.3.rel1.linux64_1.0.0.202410170706/tools/bin/../lib/gcc/arm-none-eabi/13.3.1/thumb/v7e-m+fp/hard/libgcc.a
LOAD /home/sedrenn/st/stm32cubeide_1.19.0/plugins/com.st.stm32cube.ide.mcu.externaltools.gnu-tools-for-stm32.13.3.rel1.linux64_1.0.0.202410170706/tools/bin/../lib/gcc/arm-none-eabi/13.3.1/../../../../arm-none-eabi/lib/thumb/v7e-m+fp/hard/libc_nano.a
LOAD /home/sedrenn/st/stm32cubeide_1.19.0/plugins/com.st.stm32cube.ide.mcu.externaltools.gnu-tools-for-stm32.13.3.rel1.linux64_1.0.0.202410170706/tools/bin/../lib/gcc/arm-none-eabi/13.3.1/../../../../arm-none-eabi/lib/thumb/v7e-m+fp/hard/libnosys.a
END GROUP
LOAD /home/sedrenn/st/stm32cubeide_1.19.0/plugins/com.st.stm32cube.ide.mcu.externaltools.gnu-tools-for-stm32.13.3.rel1.linux64_1.0.0.202410170706/tools/bin/../lib/gcc/arm-none-eabi/13.3.1/thumb/v7e-m+fp/hard/crtend.o
LOAD /home/sedrenn/st/stm32cubeide_1.19.0/plugins/com.st.stm32cube.ide.mcu.externaltools.gnu-tools-for-stm32.13.3.rel1.linux64_1.0.0.202410170706/tools/bin/../lib/gcc/arm-none-eabi/13.3.1/thumb/v7e-m+fp/hard/crtn.o
                0x20020000                        _estack = (ORIGIN (RAM) + LENGTH (RAM))
                0x00000200                        _Min_Heap_Size = 0x200
                0x00000400                        _Min_Stack_Size = 0x400

.isr_vector     0x08000000      0x1d8
                0x08000000                        . = ALIGN (0x4)
 *(.isr_vector)
 .isr_vector    0x08000000      0x1d8 ./Core/Startup/startup_stm32g474retx.o
                0x08000000                g_pfnVectors
                0x080001d8                        . = ALIGN (0x4)

.text           0x080001e0     0x8478
                0x080001e0                        . = ALIGN (0x4)
 *(.text)
 .text          0x080001e0       0x40 /home/sedrenn/st/stm32cubeide_1.19.0/plugins/com.st.stm32cube.ide.mcu.externaltools.gnu-tools-for-stm32.13.3.rel1.linux64_1.0.0.202410170706/tools/bin/../lib/gcc/arm-none-eabi/13.3.1/thumb/v7e-m+fp/hard/crtbegin.o
 .text          0x08000220       0x14 /home/sedrenn/st/stm32cubeide_1.19.0/plugins/com.st.stm32cube.ide.mcu.externaltools.gnu-tools-for-stm32.13.3.rel1.linux64_1.0.0.202410170706/tools/bin/../lib/gcc/arm-none-eabi/13.3.1/../../../../arm-none-eabi/lib/thumb/v7e-m+fp/hard/libc_nano.a(libc_a-strcmp.o)
                0x08000220                strcmp
 *fill*         0x08000234        0xc 
 .text          0x08000240       0xa0 /home/sedrenn/st/stm32cubeide_1.19.0/plugins/com.st.stm32cube.ide.mcu.externaltools.gnu-tools-for-stm32.13.3.rel1.linux64_1.0.0.202410170706/tools/bin/../lib/gcc/arm-none-eabi/13.3.1/../../../../arm-none-eabi/lib/thumb/v7e-m+fp/hard/libc_nano.a(libc_a-memchr.o)
                0x08000240                memchr
 .text          0x080002e0       0x30 /home/sedrenn/st/stm32cubeide_1.19.0/plugins/com.st.stm32cube.ide.mcu.externaltools.gnu-tools-for-stm32.13.3.rel1.linux64_1.0.0.202410170706/tools/bin/../lib/gcc/arm-none-eabi/13.3.1/thumb/v7e-m+fp/hard/libgcc.a(_aeabi_uldivmod.o)
                0x080002e0                __aeabi_uldivmod
 .text          0x08000310      0x2f8 /home/sedrenn/st/stm32cubeide_1.19.0/plugins/com.st.stm32cube.ide.mcu.externaltools.gnu-tools-for-stm32.13.3.rel1.linux64_1.0.0.202410170706/tools/bin/../lib/gcc/arm-none-eabi/13.3.1/thumb/v7e-m+fp/hard/libgcc.a(_udivmoddi4.o)
                0x08000310                __udivmoddi4
 .text          0x08000608        0x4 /home/sedrenn/st/stm32cubeide_1.19.0/plugins/com.st.stm32cube.ide.mcu.externaltools.gnu-tools-for-stm32.13.3.rel1.linux64_1.0.0.202410170706/tools/bin/../lib/gcc/arm-none-eabi/13.3.1/thumb/v7e-m+fp/hard/libgcc.a(_dvmd_tls.o)
                0x08000608                __aeabi_ldiv0
                0x08000608                __aeabi_idiv0
 *(.text*)
 .text.MX_ADC1_Init
                0x0800060c       0xf0 ./Core/Src/adc.o
                0x0800060c                MX_ADC1_Init
 .text.MX_ADC2_Init
                0x080006fc       0xcc ./Core/Src/adc.o
                0x080006fc                MX_ADC2_Init
 .text.HAL_ADC_MspInit
                0x080007c8      0x1f4 ./Core/Src/adc.o
                0x080007c8                HAL_ADC_MspInit
 .text.init_device
                0x080009bc       0x40 ./Core/Src/app.o
                0x080009bc                init_device
 .text.shell_uart2_transmit
                0x080009fc       0x2c ./Core/Src/app.o
                0x080009fc                shell_uart2_transmit
 .text.shell_uart2_receive
                0x08000a28       0x28 ./Core/Src/app.o
                0x08000a28                shell_uart2_receive
 .text.HAL_UART_RxCpltCallback
                0x08000a50       0x3c ./Core/Src/app.o
                0x08000a50                HAL_UART_RxCpltCallback
 .text.loop     0x08000a8c        0xe ./Core/Src/app.o
                0x08000a8c                loop
 *fill*         0x08000a9a        0x2 
 .text.MX_GPIO_Init
                0x08000a9c      0x120 ./Core/Src/gpio.o
                0x08000a9c                MX_GPIO_Init
 .text.main     0x08000bbc       0x32 ./Core/Src/main.o
                0x08000bbc                main
 .text.SystemClock_Config
                0x08000bee       0x92 ./Core/Src/main.o
                0x08000bee                SystemClock_Config
 .text.HAL_TIM_PeriodElapsedCallback
                0x08000c80       0x24 ./Core/Src/main.o
                0x08000c80                HAL_TIM_PeriodElapsedCallback
 .text.Error_Handler
                0x08000ca4        0xc ./Core/Src/main.o
                0x08000ca4                Error_Handler
 .text.HAL_MspInit
                0x08000cb0       0x48 ./Core/Src/stm32g4xx_hal_msp.o
                0x08000cb0                HAL_MspInit
 .text.HAL_InitTick
                0x08000cf8       0xd8 ./Core/Src/stm32g4xx_hal_timebase_tim.o
                0x08000cf8                HAL_InitTick
 .text.NMI_Handler
                0x08000dd0        0x8 ./Core/Src/stm32g4xx_it.o
                0x08000dd0                NMI_Handler
 .text.HardFault_Handler
                0x08000dd8        0x8 ./Core/Src/stm32g4xx_it.o
                0x08000dd8                HardFault_Handler
 .text.MemManage_Handler
                0x08000de0        0x8 ./Core/Src/stm32g4xx_it.o
                0x08000de0                MemManage_Handler
 .text.BusFault_Handler
                0x08000de8        0x8 ./Core/Src/stm32g4xx_it.o
                0x08000de8                BusFault_Handler
 .text.UsageFault_Handler
                0x08000df0        0x8 ./Core/Src/stm32g4xx_it.o
                0x08000df0                UsageFault_Handler
 .text.SVC_Handler
                0x08000df8        0xe ./Core/Src/stm32g4xx_it.o
                0x08000df8                SVC_Handler
 .text.DebugMon_Handler
                0x08000e06        0xe ./Core/Src/stm32g4xx_it.o
                0x08000e06                DebugMon_Handler
 .text.PendSV_Handler
                0x08000e14        0xe ./Core/Src/stm32g4xx_it.o
                0x08000e14                PendSV_Handler
 .text.SysTick_Handler
                0x08000e22        0xe ./Core/Src/stm32g4xx_it.o
                0x08000e22                SysTick_Handler
 .text.USART2_IRQHandler
                0x08000e30       0x14 ./Core/Src/stm32g4xx_it.o
                0x08000e30                USART2_IRQHandler
 .text.EXTI15_10_IRQHandler
                0x08000e44       0x10 ./Core/Src/stm32g4xx_it.o
                0x08000e44                EXTI15_10_IRQHandler
 .text.TIM6_DAC_IRQHandler
                0x08000e54       0x14 ./Core/Src/stm32g4xx_it.o
                0x08000e54                TIM6_DAC_IRQHandler
 .text._sbrk    0x08000e68       0x6c ./Core/Src/sysmem.o
                0x08000e68                _sbrk
 .text.SystemInit
                0x08000ed4       0x24 ./Core/Src/system_stm32g4xx.o
                0x08000ed4                SystemInit
 .text.MX_TIM1_Init
                0x08000ef8      0x158 ./Core/Src/tim.o
                0x08000ef8                MX_TIM1_Init
 .text.MX_TIM3_Init
                0x08001050       0x98 ./Core/Src/tim.o
                0x08001050                MX_TIM3_Init
 .text.HAL_TIM_PWM_MspInit
                0x080010e8       0x40 ./Core/Src/tim.o
                0x080010e8                HAL_TIM_PWM_MspInit
 .text.HAL_TIMEx_HallSensor_MspInit
                0x08001128       0xc4 ./Core/Src/tim.o
                0x08001128                HAL_TIMEx_HallSensor_MspInit
 .text.HAL_TIM_MspPostInit
                0x080011ec       0xd0 ./Core/Src/tim.o
                0x080011ec                HAL_TIM_MspPostInit
 .text.MX_USART2_UART_Init
                0x080012bc       0x98 ./Core/Src/usart.o
                0x080012bc                MX_USART2_UART_Init
 .text.MX_USART3_UART_Init
                0x08001354       0x98 ./Core/Src/usart.o
                0x08001354                MX_USART3_UART_Init
 .text.HAL_UART_MspInit
                0x080013ec      0x140 ./Core/Src/usart.o
                0x080013ec                HAL_UART_MspInit
 .text.led_init
                0x0800152c       0x28 ./Core/Src/user_interface/led.o
                0x0800152c                led_init
 .text.led_control
                0x08001554      0x164 ./Core/Src/user_interface/led.o
                0x08001554                led_control
 .text.is_character_valid
                0x080016b8       0x4c ./Core/Src/user_interface/shell.o
 .text.is_string_valid
                0x08001704       0x56 ./Core/Src/user_interface/shell.o
 *fill*         0x0800175a        0x2 
 .text.sh_help  0x0800175c       0xd0 ./Core/Src/user_interface/shell.o
 .text.sh_test_list
                0x0800182c       0x60 ./Core/Src/user_interface/shell.o
 .text.shell_init
                0x0800188c       0x84 ./Core/Src/user_interface/shell.o
                0x0800188c                shell_init
 .text.shell_add
                0x08001910       0x7e ./Core/Src/user_interface/shell.o
                0x08001910                shell_add
 *fill*         0x0800198e        0x2 
 .text.shell_exec
                0x08001990       0xdc ./Core/Src/user_interface/shell.o
 .text.shell_run
                0x08001a6c      0x108 ./Core/Src/user_interface/shell.o
                0x08001a6c                shell_run
 .text.Reset_Handler
                0x08001b74       0x50 ./Core/Startup/startup_stm32g474retx.o
                0x08001b74                Reset_Handler
 .text.Default_Handler
                0x08001bc4        0x2 ./Core/Startup/startup_stm32g474retx.o
                0x08001bc4                RTC_Alarm_IRQHandler
                0x08001bc4                EXTI2_IRQHandler
                0x08001bc4                TIM8_TRG_COM_IRQHandler
                0x08001bc4                TIM8_CC_IRQHandler
                0x08001bc4                HRTIM1_Master_IRQHandler
                0x08001bc4                SPI4_IRQHandler
                0x08001bc4                FDCAN3_IT0_IRQHandler
                0x08001bc4                TIM1_CC_IRQHandler
                0x08001bc4                HRTIM1_FLT_IRQHandler
                0x08001bc4                HRTIM1_TIMF_IRQHandler
                0x08001bc4                USB_HP_IRQHandler
                0x08001bc4                CORDIC_IRQHandler
                0x08001bc4                HRTIM1_TIMD_IRQHandler
                0x08001bc4                DMA2_Channel8_IRQHandler
                0x08001bc4                EXTI3_IRQHandler
                0x08001bc4                I2C3_ER_IRQHandler
                0x08001bc4                EXTI0_IRQHandler
                0x08001bc4                I2C2_EV_IRQHandler
                0x08001bc4                FPU_IRQHandler
                0x08001bc4                FDCAN1_IT1_IRQHandler
                0x08001bc4                TIM1_UP_TIM16_IRQHandler
                0x08001bc4                ADC1_2_IRQHandler
                0x08001bc4                HRTIM1_TIME_IRQHandler
                0x08001bc4                SPI1_IRQHandler
                0x08001bc4                HRTIM1_TIMC_IRQHandler
                0x08001bc4                TIM8_UP_IRQHandler
                0x08001bc4                DMA2_Channel2_IRQHandler
                0x08001bc4                DMA1_Channel4_IRQHandler
                0x08001bc4                TIM20_TRG_COM_IRQHandler
                0x08001bc4                USART3_IRQHandler
                0x08001bc4                DMA1_Channel7_IRQHandler
                0x08001bc4                UART5_IRQHandler
                0x08001bc4                ADC3_IRQHandler
                0x08001bc4                TIM4_IRQHandler
                0x08001bc4                DMA2_Channel1_IRQHandler
                0x08001bc4                QUADSPI_IRQHandler
                0x08001bc4                I2C1_EV_IRQHandler
                0x08001bc4                DMA1_Channel6_IRQHandler
                0x08001bc4                UART4_IRQHandler
                0x08001bc4                DMA2_Channel4_IRQHandler
                0x08001bc4                TIM3_IRQHandler
                0x08001bc4                RCC_IRQHandler
                0x08001bc4                TIM20_UP_IRQHandler
                0x08001bc4                DMA1_Channel1_IRQHandler
                0x08001bc4                Default_Handler
                0x08001bc4                DMA2_Channel7_IRQHandler
                0x08001bc4                RTC_TAMP_LSECSS_IRQHandler
                0x08001bc4                FMAC_IRQHandler
                0x08001bc4                DMA1_Channel8_IRQHandler
                0x08001bc4                HRTIM1_TIMA_IRQHandler
                0x08001bc4                TIM7_DAC_IRQHandler
                0x08001bc4                FDCAN3_IT1_IRQHandler
                0x08001bc4                TIM5_IRQHandler
                0x08001bc4                UCPD1_IRQHandler
                0x08001bc4                I2C3_EV_IRQHandler
                0x08001bc4                EXTI9_5_IRQHandler
                0x08001bc4                RTC_WKUP_IRQHandler
                0x08001bc4                PVD_PVM_IRQHandler
                0x08001bc4                SPI2_IRQHandler
                0x08001bc4                ADC5_IRQHandler
                0x08001bc4                DMA2_Channel5_IRQHandler
                0x08001bc4                CRS_IRQHandler
                0x08001bc4                DMA1_Channel5_IRQHandler
                0x08001bc4                USB_LP_IRQHandler
                0x08001bc4                EXTI4_IRQHandler
                0x08001bc4                RNG_IRQHandler
                0x08001bc4                HRTIM1_TIMB_IRQHandler
                0x08001bc4                TIM1_TRG_COM_TIM17_IRQHandler
                0x08001bc4                FDCAN2_IT1_IRQHandler
                0x08001bc4                DMA1_Channel3_IRQHandler
                0x08001bc4                ADC4_IRQHandler
                0x08001bc4                WWDG_IRQHandler
                0x08001bc4                I2C4_EV_IRQHandler
                0x08001bc4                FDCAN2_IT0_IRQHandler
                0x08001bc4                LPUART1_IRQHandler
                0x08001bc4                DMA2_Channel6_IRQHandler
                0x08001bc4                FDCAN1_IT0_IRQHandler
                0x08001bc4                TIM2_IRQHandler
                0x08001bc4                COMP7_IRQHandler
                0x08001bc4                COMP1_2_3_IRQHandler
                0x08001bc4                EXTI1_IRQHandler
                0x08001bc4                COMP4_5_6_IRQHandler
                0x08001bc4                TIM20_BRK_IRQHandler
                0x08001bc4                I2C2_ER_IRQHandler
                0x08001bc4                DMA1_Channel2_IRQHandler
                0x08001bc4                TIM8_BRK_IRQHandler
                0x08001bc4                FLASH_IRQHandler
                0x08001bc4                TIM20_CC_IRQHandler
                0x08001bc4                USART1_IRQHandler
                0x08001bc4                SPI3_IRQHandler
                0x08001bc4                I2C1_ER_IRQHandler
                0x08001bc4                FMC_IRQHandler
                0x08001bc4                LPTIM1_IRQHandler
                0x08001bc4                DMAMUX_OVR_IRQHandler
                0x08001bc4                I2C4_ER_IRQHandler
                0x08001bc4                USBWakeUp_IRQHandler
                0x08001bc4                SAI1_IRQHandler
                0x08001bc4                DMA2_Channel3_IRQHandler
                0x08001bc4                TIM1_BRK_TIM15_IRQHandler
 .text.HAL_Init
                0x08001bc6       0x30 ./Drivers/STM32G4xx_HAL_Driver/Src/stm32g4xx_hal.o
                0x08001bc6                HAL_Init
 *fill*         0x08001bf6        0x2 
 .text.HAL_IncTick
                0x08001bf8       0x24 ./Drivers/STM32G4xx_HAL_Driver/Src/stm32g4xx_hal.o
                0x08001bf8                HAL_IncTick
 .text.HAL_GetTick
                0x08001c1c       0x18 ./Drivers/STM32G4xx_HAL_Driver/Src/stm32g4xx_hal.o
                0x08001c1c                HAL_GetTick
 .text.LL_ADC_SetCommonClock
                0x08001c34       0x26 ./Drivers/STM32G4xx_HAL_Driver/Src/stm32g4xx_hal_adc.o
 .text.LL_ADC_SetCommonPathInternalCh
                0x08001c5a       0x26 ./Drivers/STM32G4xx_HAL_Driver/Src/stm32g4xx_hal_adc.o
 .text.LL_ADC_GetCommonPathInternalCh
                0x08001c80       0x1c ./Drivers/STM32G4xx_HAL_Driver/Src/stm32g4xx_hal_adc.o
 .text.LL_ADC_SetOffset
                0x08001c9c       0x48 ./Drivers/STM32G4xx_HAL_Driver/Src/stm32g4xx_hal_adc.o
 .text.LL_ADC_GetOffsetChannel
                0x08001ce4       0x2c ./Drivers/STM32G4xx_HAL_Driver/Src/stm32g4xx_hal_adc.o
 .text.LL_ADC_SetOffsetState
                0x08001d10       0x36 ./Drivers/STM32G4xx_HAL_Driver/Src/stm32g4xx_hal_adc.o
 .text.LL_ADC_SetOffsetSign
                0x08001d46       0x36 ./Drivers/STM32G4xx_HAL_Driver/Src/stm32g4xx_hal_adc.o
 .text.LL_ADC_SetOffsetSaturation
                0x08001d7c       0x36 ./Drivers/STM32G4xx_HAL_Driver/Src/stm32g4xx_hal_adc.o
 .text.LL_ADC_SetSamplingTimeCommonConfig
                0x08001db2       0x26 ./Drivers/STM32G4xx_HAL_Driver/Src/stm32g4xx_hal_adc.o
 .text.LL_ADC_REG_SetSequencerRanks
                0x08001dd8       0x58 ./Drivers/STM32G4xx_HAL_Driver/Src/stm32g4xx_hal_adc.o
 .text.LL_ADC_SetChannelSamplingTime
                0x08001e30       0x56 ./Drivers/STM32G4xx_HAL_Driver/Src/stm32g4xx_hal_adc.o
 *fill*         0x08001e86        0x2 
 .text.LL_ADC_SetChannelSingleDiff
                0x08001e88       0x48 ./Drivers/STM32G4xx_HAL_Driver/Src/stm32g4xx_hal_adc.o
 .text.LL_ADC_DisableDeepPowerDown
                0x08001ed0       0x24 ./Drivers/STM32G4xx_HAL_Driver/Src/stm32g4xx_hal_adc.o
 .text.LL_ADC_IsDeepPowerDownEnabled
                0x08001ef4       0x28 ./Drivers/STM32G4xx_HAL_Driver/Src/stm32g4xx_hal_adc.o
 .text.LL_ADC_EnableInternalRegulator
                0x08001f1c       0x28 ./Drivers/STM32G4xx_HAL_Driver/Src/stm32g4xx_hal_adc.o
 .text.LL_ADC_IsInternalRegulatorEnabled
                0x08001f44       0x28 ./Drivers/STM32G4xx_HAL_Driver/Src/stm32g4xx_hal_adc.o
 .text.LL_ADC_IsEnabled
                0x08001f6c       0x26 ./Drivers/STM32G4xx_HAL_Driver/Src/stm32g4xx_hal_adc.o
 .text.LL_ADC_REG_IsConversionOngoing
                0x08001f92       0x26 ./Drivers/STM32G4xx_HAL_Driver/Src/stm32g4xx_hal_adc.o
 .text.LL_ADC_INJ_IsConversionOngoing
                0x08001fb8       0x26 ./Drivers/STM32G4xx_HAL_Driver/Src/stm32g4xx_hal_adc.o
 *fill*         0x08001fde        0x2 
 .text.HAL_ADC_Init
                0x08001fe0      0x378 ./Drivers/STM32G4xx_HAL_Driver/Src/stm32g4xx_hal_adc.o
                0x08001fe0                HAL_ADC_Init
 .text.HAL_ADC_ConfigChannel
                0x08002358      0x880 ./Drivers/STM32G4xx_HAL_Driver/Src/stm32g4xx_hal_adc.o
                0x08002358                HAL_ADC_ConfigChannel
 .text.LL_ADC_IsEnabled
                0x08002bd8       0x26 ./Drivers/STM32G4xx_HAL_Driver/Src/stm32g4xx_hal_adc_ex.o
 .text.LL_ADC_REG_IsConversionOngoing
                0x08002bfe       0x26 ./Drivers/STM32G4xx_HAL_Driver/Src/stm32g4xx_hal_adc_ex.o
 .text.HAL_ADCEx_MultiModeConfigChannel
                0x08002c24      0x210 ./Drivers/STM32G4xx_HAL_Driver/Src/stm32g4xx_hal_adc_ex.o
                0x08002c24                HAL_ADCEx_MultiModeConfigChannel
 .text.__NVIC_SetPriorityGrouping
                0x08002e34       0x48 ./Drivers/STM32G4xx_HAL_Driver/Src/stm32g4xx_hal_cortex.o
 .text.__NVIC_GetPriorityGrouping
                0x08002e7c       0x1c ./Drivers/STM32G4xx_HAL_Driver/Src/stm32g4xx_hal_cortex.o
 .text.__NVIC_EnableIRQ
                0x08002e98       0x3c ./Drivers/STM32G4xx_HAL_Driver/Src/stm32g4xx_hal_cortex.o
 .text.__NVIC_SetPriority
                0x08002ed4       0x54 ./Drivers/STM32G4xx_HAL_Driver/Src/stm32g4xx_hal_cortex.o
 .text.NVIC_EncodePriority
                0x08002f28       0x66 ./Drivers/STM32G4xx_HAL_Driver/Src/stm32g4xx_hal_cortex.o
 .text.HAL_NVIC_SetPriorityGrouping
                0x08002f8e       0x16 ./Drivers/STM32G4xx_HAL_Driver/Src/stm32g4xx_hal_cortex.o
                0x08002f8e                HAL_NVIC_SetPriorityGrouping
 .text.HAL_NVIC_SetPriority
                0x08002fa4       0x34 ./Drivers/STM32G4xx_HAL_Driver/Src/stm32g4xx_hal_cortex.o
                0x08002fa4                HAL_NVIC_SetPriority
 .text.HAL_NVIC_EnableIRQ
                0x08002fd8       0x1c ./Drivers/STM32G4xx_HAL_Driver/Src/stm32g4xx_hal_cortex.o
                0x08002fd8                HAL_NVIC_EnableIRQ
 .text.HAL_DMA_Abort
                0x08002ff4       0xb2 ./Drivers/STM32G4xx_HAL_Driver/Src/stm32g4xx_hal_dma.o
                0x08002ff4                HAL_DMA_Abort
 .text.HAL_DMA_Abort_IT
                0x080030a6       0xce ./Drivers/STM32G4xx_HAL_Driver/Src/stm32g4xx_hal_dma.o
                0x080030a6                HAL_DMA_Abort_IT
 .text.HAL_GPIO_Init
                0x08003174      0x304 ./Drivers/STM32G4xx_HAL_Driver/Src/stm32g4xx_hal_gpio.o
                0x08003174                HAL_GPIO_Init
 .text.HAL_GPIO_WritePin
                0x08003478       0x30 ./Drivers/STM32G4xx_HAL_Driver/Src/stm32g4xx_hal_gpio.o
                0x08003478                HAL_GPIO_WritePin
 .text.HAL_GPIO_TogglePin
                0x080034a8       0x34 ./Drivers/STM32G4xx_HAL_Driver/Src/stm32g4xx_hal_gpio.o
                0x080034a8                HAL_GPIO_TogglePin
 .text.HAL_GPIO_EXTI_IRQHandler
                0x080034dc       0x30 ./Drivers/STM32G4xx_HAL_Driver/Src/stm32g4xx_hal_gpio.o
                0x080034dc                HAL_GPIO_EXTI_IRQHandler
 .text.HAL_GPIO_EXTI_Callback
                0x0800350c       0x16 ./Drivers/STM32G4xx_HAL_Driver/Src/stm32g4xx_hal_gpio.o
                0x0800350c                HAL_GPIO_EXTI_Callback
 *fill*         0x08003522        0x2 
 .text.HAL_PWREx_ControlVoltageScaling
                0x08003524      0x148 ./Drivers/STM32G4xx_HAL_Driver/Src/stm32g4xx_hal_pwr_ex.o
                0x08003524                HAL_PWREx_ControlVoltageScaling
 .text.HAL_PWREx_DisableUCPDDeadBattery
                0x0800366c       0x20 ./Drivers/STM32G4xx_HAL_Driver/Src/stm32g4xx_hal_pwr_ex.o
                0x0800366c                HAL_PWREx_DisableUCPDDeadBattery
 .text.HAL_RCC_OscConfig
                0x0800368c      0x624 ./Drivers/STM32G4xx_HAL_Driver/Src/stm32g4xx_hal_rcc.o
                0x0800368c                HAL_RCC_OscConfig
 .text.HAL_RCC_ClockConfig
                0x08003cb0      0x278 ./Drivers/STM32G4xx_HAL_Driver/Src/stm32g4xx_hal_rcc.o
                0x08003cb0                HAL_RCC_ClockConfig
 .text.HAL_RCC_GetSysClockFreq
                0x08003f28       0xc4 ./Drivers/STM32G4xx_HAL_Driver/Src/stm32g4xx_hal_rcc.o
                0x08003f28                HAL_RCC_GetSysClockFreq
 .text.HAL_RCC_GetHCLKFreq
                0x08003fec       0x18 ./Drivers/STM32G4xx_HAL_Driver/Src/stm32g4xx_hal_rcc.o
                0x08003fec                HAL_RCC_GetHCLKFreq
 .text.HAL_RCC_GetPCLK1Freq
                0x08004004       0x2c ./Drivers/STM32G4xx_HAL_Driver/Src/stm32g4xx_hal_rcc.o
                0x08004004                HAL_RCC_GetPCLK1Freq
 .text.HAL_RCC_GetPCLK2Freq
                0x08004030       0x2c ./Drivers/STM32G4xx_HAL_Driver/Src/stm32g4xx_hal_rcc.o
                0x08004030                HAL_RCC_GetPCLK2Freq
 .text.HAL_RCC_GetClockConfig
                0x0800405c       0x64 ./Drivers/STM32G4xx_HAL_Driver/Src/stm32g4xx_hal_rcc.o
                0x0800405c                HAL_RCC_GetClockConfig
 .text.RCC_GetSysClockFreqFromPLLSource
                0x080040c0       0x8c ./Drivers/STM32G4xx_HAL_Driver/Src/stm32g4xx_hal_rcc.o
 .text.HAL_RCCEx_PeriphCLKConfig
                0x0800414c      0x49c ./Drivers/STM32G4xx_HAL_Driver/Src/stm32g4xx_hal_rcc_ex.o
                0x0800414c                HAL_RCCEx_PeriphCLKConfig
 .text.HAL_TIM_Base_Init
                0x080045e8       0xae ./Drivers/STM32G4xx_HAL_Driver/Src/stm32g4xx_hal_tim.o
                0x080045e8                HAL_TIM_Base_Init
 .text.HAL_TIM_Base_MspInit
                0x08004696       0x14 ./Drivers/STM32G4xx_HAL_Driver/Src/stm32g4xx_hal_tim.o
                0x08004696                HAL_TIM_Base_MspInit
 *fill*         0x080046aa        0x2 
 .text.HAL_TIM_Base_Start_IT
                0x080046ac       0xf0 ./Drivers/STM32G4xx_HAL_Driver/Src/stm32g4xx_hal_tim.o
                0x080046ac                HAL_TIM_Base_Start_IT
 .text.HAL_TIM_PWM_Init
                0x0800479c       0xae ./Drivers/STM32G4xx_HAL_Driver/Src/stm32g4xx_hal_tim.o
                0x0800479c                HAL_TIM_PWM_Init
 .text.HAL_TIM_IRQHandler
                0x0800484a      0x29e ./Drivers/STM32G4xx_HAL_Driver/Src/stm32g4xx_hal_tim.o
                0x0800484a                HAL_TIM_IRQHandler
 .text.HAL_TIM_PWM_ConfigChannel
                0x08004ae8      0x228 ./Drivers/STM32G4xx_HAL_Driver/Src/stm32g4xx_hal_tim.o
                0x08004ae8                HAL_TIM_PWM_ConfigChannel
 .text.HAL_TIM_OC_DelayElapsedCallback
                0x08004d10       0x14 ./Drivers/STM32G4xx_HAL_Driver/Src/stm32g4xx_hal_tim.o
                0x08004d10                HAL_TIM_OC_DelayElapsedCallback
 .text.HAL_TIM_IC_CaptureCallback
                0x08004d24       0x14 ./Drivers/STM32G4xx_HAL_Driver/Src/stm32g4xx_hal_tim.o
                0x08004d24                HAL_TIM_IC_CaptureCallback
 .text.HAL_TIM_PWM_PulseFinishedCallback
                0x08004d38       0x14 ./Drivers/STM32G4xx_HAL_Driver/Src/stm32g4xx_hal_tim.o
                0x08004d38                HAL_TIM_PWM_PulseFinishedCallback
 .text.HAL_TIM_TriggerCallback
                0x08004d4c       0x14 ./Drivers/STM32G4xx_HAL_Driver/Src/stm32g4xx_hal_tim.o
                0x08004d4c                HAL_TIM_TriggerCallback
 .text.TIM_Base_SetConfig
                0x08004d60      0x168 ./Drivers/STM32G4xx_HAL_Driver/Src/stm32g4xx_hal_tim.o
                0x08004d60                TIM_Base_SetConfig
 .text.TIM_OC1_SetConfig
                0x08004ec8      0x134 ./Drivers/STM32G4xx_HAL_Driver/Src/stm32g4xx_hal_tim.o
 .text.TIM_OC2_SetConfig
                0x08004ffc      0x128 ./Drivers/STM32G4xx_HAL_Driver/Src/stm32g4xx_hal_tim.o
                0x08004ffc                TIM_OC2_SetConfig
 .text.TIM_OC3_SetConfig
                0x08005124      0x124 ./Drivers/STM32G4xx_HAL_Driver/Src/stm32g4xx_hal_tim.o
 .text.TIM_OC4_SetConfig
                0x08005248      0x128 ./Drivers/STM32G4xx_HAL_Driver/Src/stm32g4xx_hal_tim.o
 .text.TIM_OC5_SetConfig
                0x08005370       0xd4 ./Drivers/STM32G4xx_HAL_Driver/Src/stm32g4xx_hal_tim.o
 .text.TIM_OC6_SetConfig
                0x08005444       0xd8 ./Drivers/STM32G4xx_HAL_Driver/Src/stm32g4xx_hal_tim.o
 .text.TIM_TI1_SetConfig
                0x0800551c       0xe8 ./Drivers/STM32G4xx_HAL_Driver/Src/stm32g4xx_hal_tim.o
                0x0800551c                TIM_TI1_SetConfig
 .text.HAL_TIMEx_HallSensor_Init
                0x08005604      0x15e ./Drivers/STM32G4xx_HAL_Driver/Src/stm32g4xx_hal_tim_ex.o
                0x08005604                HAL_TIMEx_HallSensor_Init
 *fill*         0x08005762        0x2 
 .text.HAL_TIMEx_MasterConfigSynchronization
                0x08005764      0x12c ./Drivers/STM32G4xx_HAL_Driver/Src/stm32g4xx_hal_tim_ex.o
                0x08005764                HAL_TIMEx_MasterConfigSynchronization
 .text.HAL_TIMEx_ConfigBreakDeadTime
                0x08005890      0x128 ./Drivers/STM32G4xx_HAL_Driver/Src/stm32g4xx_hal_tim_ex.o
                0x08005890                HAL_TIMEx_ConfigBreakDeadTime
 .text.HAL_TIMEx_CommutCallback
                0x080059b8       0x14 ./Drivers/STM32G4xx_HAL_Driver/Src/stm32g4xx_hal_tim_ex.o
                0x080059b8                HAL_TIMEx_CommutCallback
 .text.HAL_TIMEx_BreakCallback
                0x080059cc       0x14 ./Drivers/STM32G4xx_HAL_Driver/Src/stm32g4xx_hal_tim_ex.o
                0x080059cc                HAL_TIMEx_BreakCallback
 .text.HAL_TIMEx_Break2Callback
                0x080059e0       0x14 ./Drivers/STM32G4xx_HAL_Driver/Src/stm32g4xx_hal_tim_ex.o
                0x080059e0                HAL_TIMEx_Break2Callback
 .text.HAL_TIMEx_EncoderIndexCallback
                0x080059f4       0x14 ./Drivers/STM32G4xx_HAL_Driver/Src/stm32g4xx_hal_tim_ex.o
                0x080059f4                HAL_TIMEx_EncoderIndexCallback
 .text.HAL_TIMEx_DirectionChangeCallback
                0x08005a08       0x14 ./Drivers/STM32G4xx_HAL_Driver/Src/stm32g4xx_hal_tim_ex.o
                0x08005a08                HAL_TIMEx_DirectionChangeCallback
 .text.HAL_TIMEx_IndexErrorCallback
                0x08005a1c       0x14 ./Drivers/STM32G4xx_HAL_Driver/Src/stm32g4xx_hal_tim_ex.o
                0x08005a1c                HAL_TIMEx_IndexErrorCallback
 .text.HAL_TIMEx_TransitionErrorCallback
                0x08005a30       0x14 ./Drivers/STM32G4xx_HAL_Driver/Src/stm32g4xx_hal_tim_ex.o
                0x08005a30                HAL_TIMEx_TransitionErrorCallback
 .text.HAL_UART_Init
                0x08005a44       0xa0 ./Drivers/STM32G4xx_HAL_Driver/Src/stm32g4xx_hal_uart.o
                0x08005a44                HAL_UART_Init
 .text.HAL_UART_Transmit
                0x08005ae4      0x11c ./Drivers/STM32G4xx_HAL_Driver/Src/stm32g4xx_hal_uart.o
                0x08005ae4                HAL_UART_Transmit
 .text.HAL_UART_Receive_IT
                0x08005c00       0x98 ./Drivers/STM32G4xx_HAL_Driver/Src/stm32g4xx_hal_uart.o
                0x08005c00                HAL_UART_Receive_IT
 .text.HAL_UART_IRQHandler
                0x08005c98      0x684 ./Drivers/STM32G4xx_HAL_Driver/Src/stm32g4xx_hal_uart.o
                0x08005c98                HAL_UART_IRQHandler
 .text.HAL_UART_TxCpltCallback
                0x0800631c       0x14 ./Drivers/STM32G4xx_HAL_Driver/Src/stm32g4xx_hal_uart.o
                0x0800631c                HAL_UART_TxCpltCallback
 .text.HAL_UART_ErrorCallback
                0x08006330       0x14 ./Drivers/STM32G4xx_HAL_Driver/Src/stm32g4xx_hal_uart.o
                0x08006330                HAL_UART_ErrorCallback
 .text.HAL_UARTEx_RxEventCallback
                0x08006344       0x18 ./Drivers/STM32G4xx_HAL_Driver/Src/stm32g4xx_hal_uart.o
                0x08006344                HAL_UARTEx_RxEventCallback
 .text.UART_SetConfig
                0x0800635c      0x5f8 ./Drivers/STM32G4xx_HAL_Driver/Src/stm32g4xx_hal_uart.o
                0x0800635c                UART_SetConfig
 .text.UART_AdvFeatureConfig
                0x08006954      0x144 ./Drivers/STM32G4xx_HAL_Driver/Src/stm32g4xx_hal_uart.o
                0x08006954                UART_AdvFeatureConfig
 .text.UART_CheckIdleState
                0x08006a98      0x154 ./Drivers/STM32G4xx_HAL_Driver/Src/stm32g4xx_hal_uart.o
                0x08006a98                UART_CheckIdleState
 .text.UART_WaitOnFlagUntilTimeout
                0x08006bec       0xda ./Drivers/STM32G4xx_HAL_Driver/Src/stm32g4xx_hal_uart.o
                0x08006bec                UART_WaitOnFlagUntilTimeout
 *fill*         0x08006cc6        0x2 
 .text.UART_Start_Receive_IT
                0x08006cc8      0x244 ./Drivers/STM32G4xx_HAL_Driver/Src/stm32g4xx_hal_uart.o
                0x08006cc8                UART_Start_Receive_IT
 .text.UART_EndRxTransfer
                0x08006f0c       0xcc ./Drivers/STM32G4xx_HAL_Driver/Src/stm32g4xx_hal_uart.o
 .text.UART_DMAAbortOnError
                0x08006fd8       0x24 ./Drivers/STM32G4xx_HAL_Driver/Src/stm32g4xx_hal_uart.o
 .text.UART_EndTransmit_IT
                0x08006ffc       0x56 ./Drivers/STM32G4xx_HAL_Driver/Src/stm32g4xx_hal_uart.o
 *fill*         0x08007052        0x2 
 .text.UART_RxISR_8BIT
                0x08007054      0x1b8 ./Drivers/STM32G4xx_HAL_Driver/Src/stm32g4xx_hal_uart.o
 .text.UART_RxISR_16BIT
                0x0800720c      0x1b8 ./Drivers/STM32G4xx_HAL_Driver/Src/stm32g4xx_hal_uart.o
 .text.UART_RxISR_8BIT_FIFOEN
                0x080073c4      0x364 ./Drivers/STM32G4xx_HAL_Driver/Src/stm32g4xx_hal_uart.o
 .text.UART_RxISR_16BIT_FIFOEN
                0x08007728      0x36c ./Drivers/STM32G4xx_HAL_Driver/Src/stm32g4xx_hal_uart.o
 .text.HAL_UARTEx_WakeupCallback
                0x08007a94       0x14 ./Drivers/STM32G4xx_HAL_Driver/Src/stm32g4xx_hal_uart_ex.o
                0x08007a94                HAL_UARTEx_WakeupCallback
 .text.HAL_UARTEx_RxFifoFullCallback
                0x08007aa8       0x14 ./Drivers/STM32G4xx_HAL_Driver/Src/stm32g4xx_hal_uart_ex.o
                0x08007aa8                HAL_UARTEx_RxFifoFullCallback
 .text.HAL_UARTEx_TxFifoEmptyCallback
                0x08007abc       0x14 ./Drivers/STM32G4xx_HAL_Driver/Src/stm32g4xx_hal_uart_ex.o
                0x08007abc                HAL_UARTEx_TxFifoEmptyCallback
 .text.HAL_UARTEx_DisableFifoMode
                0x08007ad0       0x72 ./Drivers/STM32G4xx_HAL_Driver/Src/stm32g4xx_hal_uart_ex.o
                0x08007ad0                HAL_UARTEx_DisableFifoMode
 .text.HAL_UARTEx_SetTxFifoThreshold
                0x08007b42       0x7c ./Drivers/STM32G4xx_HAL_Driver/Src/stm32g4xx_hal_uart_ex.o
                0x08007b42                HAL_UARTEx_SetTxFifoThreshold
 .text.HAL_UARTEx_SetRxFifoThreshold
                0x08007bbe       0x7c ./Drivers/STM32G4xx_HAL_Driver/Src/stm32g4xx_hal_uart_ex.o
                0x08007bbe                HAL_UARTEx_SetRxFifoThreshold
 *fill*         0x08007c3a        0x2 
 .text.UARTEx_SetNbDataToProcess
                0x08007c3c       0x9c ./Drivers/STM32G4xx_HAL_Driver/Src/stm32g4xx_hal_uart_ex.o
 .text.snprintf
                0x08007cd8       0x6c /home/sedrenn/st/stm32cubeide_1.19.0/plugins/com.st.stm32cube.ide.mcu.externaltools.gnu-tools-for-stm32.13.3.rel1.linux64_1.0.0.202410170706/tools/bin/../lib/gcc/arm-none-eabi/13.3.1/../../../../arm-none-eabi/lib/thumb/v7e-m+fp/hard/libc_nano.a(libc_a-snprintf.o)
                0x08007cd8                snprintf
                0x08007cd8                sniprintf
 .text.memset   0x08007d44       0x10 /home/sedrenn/st/stm32cubeide_1.19.0/plugins/com.st.stm32cube.ide.mcu.externaltools.gnu-tools-for-stm32.13.3.rel1.linux64_1.0.0.202410170706/tools/bin/../lib/gcc/arm-none-eabi/13.3.1/../../../../arm-none-eabi/lib/thumb/v7e-m+fp/hard/libc_nano.a(libc_a-memset.o)
                0x08007d44                memset
 .text.__errno  0x08007d54        0xc /home/sedrenn/st/stm32cubeide_1.19.0/plugins/com.st.stm32cube.ide.mcu.externaltools.gnu-tools-for-stm32.13.3.rel1.linux64_1.0.0.202410170706/tools/bin/../lib/gcc/arm-none-eabi/13.3.1/../../../../arm-none-eabi/lib/thumb/v7e-m+fp/hard/libc_nano.a(libc_a-errno.o)
                0x08007d54                __errno
 .text.__libc_init_array
                0x08007d60       0x48 /home/sedrenn/st/stm32cubeide_1.19.0/plugins/com.st.stm32cube.ide.mcu.externaltools.gnu-tools-for-stm32.13.3.rel1.linux64_1.0.0.202410170706/tools/bin/../lib/gcc/arm-none-eabi/13.3.1/../../../../arm-none-eabi/lib/thumb/v7e-m+fp/hard/libc_nano.a(libc_a-init.o)
                0x08007d60                __libc_init_array
 .text.__retarget_lock_acquire_recursive
                0x08007da8        0x2 /home/sedrenn/st/stm32cubeide_1.19.0/plugins/com.st.stm32cube.ide.mcu.externaltools.gnu-tools-for-stm32.13.3.rel1.linux64_1.0.0.202410170706/tools/bin/../lib/gcc/arm-none-eabi/13.3.1/../../../../arm-none-eabi/lib/thumb/v7e-m+fp/hard/libc_nano.a(libc_a-lock.o)
                0x08007da8                __retarget_lock_acquire_recursive
 .text.__retarget_lock_release_recursive
                0x08007daa        0x2 /home/sedrenn/st/stm32cubeide_1.19.0/plugins/com.st.stm32cube.ide.mcu.externaltools.gnu-tools-for-stm32.13.3.rel1.linux64_1.0.0.202410170706/tools/bin/../lib/gcc/arm-none-eabi/13.3.1/../../../../arm-none-eabi/lib/thumb/v7e-m+fp/hard/libc_nano.a(libc_a-lock.o)
                0x08007daa                __retarget_lock_release_recursive
 .text._free_r  0x08007dac       0x94 /home/sedrenn/st/stm32cubeide_1.19.0/plugins/com.st.stm32cube.ide.mcu.externaltools.gnu-tools-for-stm32.13.3.rel1.linux64_1.0.0.202410170706/tools/bin/../lib/gcc/arm-none-eabi/13.3.1/../../../../arm-none-eabi/lib/thumb/v7e-m+fp/hard/libc_nano.a(libc_a-freer.o)
                0x08007dac                _free_r
 .text.sbrk_aligned
                0x08007e40       0x44 /home/sedrenn/st/stm32cubeide_1.19.0/plugins/com.st.stm32cube.ide.mcu.externaltools.gnu-tools-for-stm32.13.3.rel1.linux64_1.0.0.202410170706/tools/bin/../lib/gcc/arm-none-eabi/13.3.1/../../../../arm-none-eabi/lib/thumb/v7e-m+fp/hard/libc_nano.a(libc_a-mallocr.o)
 .text._malloc_r
                0x08007e84      0x100 /home/sedrenn/st/stm32cubeide_1.19.0/plugins/com.st.stm32cube.ide.mcu.externaltools.gnu-tools-for-stm32.13.3.rel1.linux64_1.0.0.202410170706/tools/bin/../lib/gcc/arm-none-eabi/13.3.1/../../../../arm-none-eabi/lib/thumb/v7e-m+fp/hard/libc_nano.a(libc_a-mallocr.o)
                0x08007e84                _malloc_r
 .text.__malloc_lock
                0x08007f84        0xc /home/sedrenn/st/stm32cubeide_1.19.0/plugins/com.st.stm32cube.ide.mcu.externaltools.gnu-tools-for-stm32.13.3.rel1.linux64_1.0.0.202410170706/tools/bin/../lib/gcc/arm-none-eabi/13.3.1/../../../../arm-none-eabi/lib/thumb/v7e-m+fp/hard/libc_nano.a(libc_a-mlock.o)
                0x08007f84                __malloc_lock
 .text.__malloc_unlock
                0x08007f90        0xc /home/sedrenn/st/stm32cubeide_1.19.0/plugins/com.st.stm32cube.ide.mcu.externaltools.gnu-tools-for-stm32.13.3.rel1.linux64_1.0.0.202410170706/tools/bin/../lib/gcc/arm-none-eabi/13.3.1/../../../../arm-none-eabi/lib/thumb/v7e-m+fp/hard/libc_nano.a(libc_a-mlock.o)
                0x08007f90                __malloc_unlock
 .text.__ssputs_r
                0x08007f9c       0xb6 /home/sedrenn/st/stm32cubeide_1.19.0/plugins/com.st.stm32cube.ide.mcu.externaltools.gnu-tools-for-stm32.13.3.rel1.linux64_1.0.0.202410170706/tools/bin/../lib/gcc/arm-none-eabi/13.3.1/../../../../arm-none-eabi/lib/thumb/v7e-m+fp/hard/libc_nano.a(libc_a-nano-svfprintf.o)
                0x08007f9c                __ssputs_r
 *fill*         0x08008052        0x2 
 .text._svfprintf_r
                0x08008054      0x1f8 /home/sedrenn/st/stm32cubeide_1.19.0/plugins/com.st.stm32cube.ide.mcu.externaltools.gnu-tools-for-stm32.13.3.rel1.linux64_1.0.0.202410170706/tools/bin/../lib/gcc/arm-none-eabi/13.3.1/../../../../arm-none-eabi/lib/thumb/v7e-m+fp/hard/libc_nano.a(libc_a-nano-svfprintf.o)
                0x08008054                _svfprintf_r
                0x08008054                _svfiprintf_r
 .text._printf_common
                0x0800824c       0xda /home/sedrenn/st/stm32cubeide_1.19.0/plugins/com.st.stm32cube.ide.mcu.externaltools.gnu-tools-for-stm32.13.3.rel1.linux64_1.0.0.202410170706/tools/bin/../lib/gcc/arm-none-eabi/13.3.1/../../../../arm-none-eabi/lib/thumb/v7e-m+fp/hard/libc_nano.a(libc_a-nano-vfprintf_i.o)
                0x0800824c                _printf_common
 *fill*         0x08008326        0x2 
 .text._printf_i
                0x08008328      0x23c /home/sedrenn/st/stm32cubeide_1.19.0/plugins/com.st.stm32cube.ide.mcu.externaltools.gnu-tools-for-stm32.13.3.rel1.linux64_1.0.0.202410170706/tools/bin/../lib/gcc/arm-none-eabi/13.3.1/../../../../arm-none-eabi/lib/thumb/v7e-m+fp/hard/libc_nano.a(libc_a-nano-vfprintf_i.o)
                0x08008328                _printf_i
 .text.memmove  0x08008564       0x34 /home/sedrenn/st/stm32cubeide_1.19.0/plugins/com.st.stm32cube.ide.mcu.externaltools.gnu-tools-for-stm32.13.3.rel1.linux64_1.0.0.202410170706/tools/bin/../lib/gcc/arm-none-eabi/13.3.1/../../../../arm-none-eabi/lib/thumb/v7e-m+fp/hard/libc_nano.a(libc_a-memmove.o)
                0x08008564                memmove
 .text._sbrk_r  0x08008598       0x20 /home/sedrenn/st/stm32cubeide_1.19.0/plugins/com.st.stm32cube.ide.mcu.externaltools.gnu-tools-for-stm32.13.3.rel1.linux64_1.0.0.202410170706/tools/bin/../lib/gcc/arm-none-eabi/13.3.1/../../../../arm-none-eabi/lib/thumb/v7e-m+fp/hard/libc_nano.a(libc_a-sbrkr.o)
                0x08008598                _sbrk_r
 .text.memcpy   0x080085b8       0x1c /home/sedrenn/st/stm32cubeide_1.19.0/plugins/com.st.stm32cube.ide.mcu.externaltools.gnu-tools-for-stm32.13.3.rel1.linux64_1.0.0.202410170706/tools/bin/../lib/gcc/arm-none-eabi/13.3.1/../../../../arm-none-eabi/lib/thumb/v7e-m+fp/hard/libc_nano.a(libc_a-memcpy-stub.o)
                0x080085b8                memcpy
 .text._realloc_r
                0x080085d4       0x5c /home/sedrenn/st/stm32cubeide_1.19.0/plugins/com.st.stm32cube.ide.mcu.externaltools.gnu-tools-for-stm32.13.3.rel1.linux64_1.0.0.202410170706/tools/bin/../lib/gcc/arm-none-eabi/13.3.1/../../../../arm-none-eabi/lib/thumb/v7e-m+fp/hard/libc_nano.a(libc_a-reallocr.o)
                0x080085d4                _realloc_r
 .text._malloc_usable_size_r
                0x08008630       0x10 /home/sedrenn/st/stm32cubeide_1.19.0/plugins/com.st.stm32cube.ide.mcu.externaltools.gnu-tools-for-stm32.13.3.rel1.linux64_1.0.0.202410170706/tools/bin/../lib/gcc/arm-none-eabi/13.3.1/../../../../arm-none-eabi/lib/thumb/v7e-m+fp/hard/libc_nano.a(libc_a-msizer.o)
                0x08008630                _malloc_usable_size_r
 *(.glue_7)
 .glue_7        0x08008640        0x0 linker stubs
 *(.glue_7t)
 .glue_7t       0x08008640        0x0 linker stubs
 *(.eh_frame)
 .eh_frame      0x08008640        0x0 /home/sedrenn/st/stm32cubeide_1.19.0/plugins/com.st.stm32cube.ide.mcu.externaltools.gnu-tools-for-stm32.13.3.rel1.linux64_1.0.0.202410170706/tools/bin/../lib/gcc/arm-none-eabi/13.3.1/thumb/v7e-m+fp/hard/crtbegin.o
 *(.init)
 .init          0x08008640        0x4 /home/sedrenn/st/stm32cubeide_1.19.0/plugins/com.st.stm32cube.ide.mcu.externaltools.gnu-tools-for-stm32.13.3.rel1.linux64_1.0.0.202410170706/tools/bin/../lib/gcc/arm-none-eabi/13.3.1/thumb/v7e-m+fp/hard/crti.o
                0x08008640                _init
 .init          0x08008644        0x8 /home/sedrenn/st/stm32cubeide_1.19.0/plugins/com.st.stm32cube.ide.mcu.externaltools.gnu-tools-for-stm32.13.3.rel1.linux64_1.0.0.202410170706/tools/bin/../lib/gcc/arm-none-eabi/13.3.1/thumb/v7e-m+fp/hard/crtn.o
 *(.fini)
 .fini          0x0800864c        0x4 /home/sedrenn/st/stm32cubeide_1.19.0/plugins/com.st.stm32cube.ide.mcu.externaltools.gnu-tools-for-stm32.13.3.rel1.linux64_1.0.0.202410170706/tools/bin/../lib/gcc/arm-none-eabi/13.3.1/thumb/v7e-m+fp/hard/crti.o
                0x0800864c                _fini
 .fini          0x08008650        0x8 /home/sedrenn/st/stm32cubeide_1.19.0/plugins/com.st.stm32cube.ide.mcu.externaltools.gnu-tools-for-stm32.13.3.rel1.linux64_1.0.0.202410170706/tools/bin/../lib/gcc/arm-none-eabi/13.3.1/thumb/v7e-m+fp/hard/crtn.o
                0x08008658                        . = ALIGN (0x4)
                0x08008658                        _etext = .

.vfp11_veneer   0x08008658        0x0
 .vfp11_veneer  0x08008658        0x0 linker stubs

.v4_bx          0x08008658        0x0
 .v4_bx         0x08008658        0x0 linker stubs

.iplt           0x08008658        0x0
 .iplt          0x08008658        0x0 /home/sedrenn/st/stm32cubeide_1.19.0/plugins/com.st.stm32cube.ide.mcu.externaltools.gnu-tools-for-stm32.13.3.rel1.linux64_1.0.0.202410170706/tools/bin/../lib/gcc/arm-none-eabi/13.3.1/thumb/v7e-m+fp/hard/crtbegin.o

.rodata         0x08008658      0x1bc
                0x08008658                        . = ALIGN (0x4)
 *(.rodata)
 .rodata        0x08008658       0x6d ./Core/Src/user_interface/led.o
 *fill*         0x080086c5        0x3 
 .rodata        0x080086c8       0xd8 ./Core/Src/user_interface/shell.o
 *(.rodata*)
 .rodata.AHBPrescTable
                0x080087a0       0x10 ./Core/Src/system_stm32g4xx.o
                0x080087a0                AHBPrescTable
 .rodata.APBPrescTable
                0x080087b0        0x8 ./Core/Src/system_stm32g4xx.o
                0x080087b0                APBPrescTable
 .rodata.UARTPrescTable
                0x080087b8       0x18 ./Drivers/STM32G4xx_HAL_Driver/Src/stm32g4xx_hal_uart.o
                0x080087b8                UARTPrescTable
 .rodata.numerator.1
                0x080087d0        0x8 ./Drivers/STM32G4xx_HAL_Driver/Src/stm32g4xx_hal_uart_ex.o
 .rodata.denominator.0
                0x080087d8        0x8 ./Drivers/STM32G4xx_HAL_Driver/Src/stm32g4xx_hal_uart_ex.o
 .rodata._svfprintf_r.str1.1
                0x080087e0       0x33 /home/sedrenn/st/stm32cubeide_1.19.0/plugins/com.st.stm32cube.ide.mcu.externaltools.gnu-tools-for-stm32.13.3.rel1.linux64_1.0.0.202410170706/tools/bin/../lib/gcc/arm-none-eabi/13.3.1/../../../../arm-none-eabi/lib/thumb/v7e-m+fp/hard/libc_nano.a(libc_a-nano-svfprintf.o)
                                 0x11 (size before relaxing)
 .rodata._printf_i.str1.1
                0x08008813       0x22 /home/sedrenn/st/stm32cubeide_1.19.0/plugins/com.st.stm32cube.ide.mcu.externaltools.gnu-tools-for-stm32.13.3.rel1.linux64_1.0.0.202410170706/tools/bin/../lib/gcc/arm-none-eabi/13.3.1/../../../../arm-none-eabi/lib/thumb/v7e-m+fp/hard/libc_nano.a(libc_a-nano-vfprintf_i.o)
                0x08008838                        . = ALIGN (0x4)
 *fill*         0x08008813        0x1 

.ARM.extab      0x08008814        0x0
                0x08008814                        . = ALIGN (0x4)
 *(.ARM.extab* .gnu.linkonce.armextab.*)
                0x08008814                        . = ALIGN (0x4)

.ARM            0x08008814        0x8
                0x08008814                        . = ALIGN (0x4)
                0x08008814                        __exidx_start = .
 *(.ARM.exidx*)
 .ARM.exidx     0x08008814        0x8 /home/sedrenn/st/stm32cubeide_1.19.0/plugins/com.st.stm32cube.ide.mcu.externaltools.gnu-tools-for-stm32.13.3.rel1.linux64_1.0.0.202410170706/tools/bin/../lib/gcc/arm-none-eabi/13.3.1/../../../../arm-none-eabi/lib/thumb/v7e-m+fp/hard/libc_nano.a(libc_a-strcmp.o)
 .ARM.exidx     0x0800881c        0x0 /home/sedrenn/st/stm32cubeide_1.19.0/plugins/com.st.stm32cube.ide.mcu.externaltools.gnu-tools-for-stm32.13.3.rel1.linux64_1.0.0.202410170706/tools/bin/../lib/gcc/arm-none-eabi/13.3.1/../../../../arm-none-eabi/lib/thumb/v7e-m+fp/hard/libc_nano.a(libc_a-memchr.o)
                                  0x8 (size before relaxing)
 .ARM.exidx     0x0800881c        0x0 /home/sedrenn/st/stm32cubeide_1.19.0/plugins/com.st.stm32cube.ide.mcu.externaltools.gnu-tools-for-stm32.13.3.rel1.linux64_1.0.0.202410170706/tools/bin/../lib/gcc/arm-none-eabi/13.3.1/thumb/v7e-m+fp/hard/libgcc.a(_udivmoddi4.o)
                                  0x8 (size before relaxing)
                0x0800881c                        __exidx_end = .
                0x0800881c                        . = ALIGN (0x4)

.preinit_array  0x0800881c        0x0
                0x0800881c                        . = ALIGN (0x4)
                0x0800881c                        PROVIDE (__preinit_array_start = .)
 *(.preinit_array*)
                0x0800881c                        PROVIDE (__preinit_array_end = .)
                0x0800881c                        . = ALIGN (0x4)

.init_array     0x0800881c        0x4
                0x0800881c                        . = ALIGN (0x4)
                0x0800881c                        PROVIDE (__init_array_start = .)
 *(SORT_BY_NAME(.init_array.*))
 *(.init_array*)
 .init_array    0x0800881c        0x4 /home/sedrenn/st/stm32cubeide_1.19.0/plugins/com.st.stm32cube.ide.mcu.externaltools.gnu-tools-for-stm32.13.3.rel1.linux64_1.0.0.202410170706/tools/bin/../lib/gcc/arm-none-eabi/13.3.1/thumb/v7e-m+fp/hard/crtbegin.o
                0x08008820                        PROVIDE (__init_array_end = .)
                0x08008820                        . = ALIGN (0x4)

.fini_array     0x08008820        0x4
                0x08008820                        . = ALIGN (0x4)
                [!provide]                        PROVIDE (__fini_array_start = .)
 *(SORT_BY_NAME(.fini_array.*))
 *(.fini_array*)
 .fini_array    0x08008820        0x4 /home/sedrenn/st/stm32cubeide_1.19.0/plugins/com.st.stm32cube.ide.mcu.externaltools.gnu-tools-for-stm32.13.3.rel1.linux64_1.0.0.202410170706/tools/bin/../lib/gcc/arm-none-eabi/13.3.1/thumb/v7e-m+fp/hard/crtbegin.o
                [!provide]                        PROVIDE (__fini_array_end = .)
                0x08008824                        . = ALIGN (0x4)
                0x08008824                        _sidata = LOADADDR (.data)

.rel.dyn        0x08008824        0x0
 .rel.iplt      0x08008824        0x0 /home/sedrenn/st/stm32cubeide_1.19.0/plugins/com.st.stm32cube.ide.mcu.externaltools.gnu-tools-for-stm32.13.3.rel1.linux64_1.0.0.202410170706/tools/bin/../lib/gcc/arm-none-eabi/13.3.1/thumb/v7e-m+fp/hard/crtbegin.o

.data           0x20000000       0x5c load address 0x08008824
                0x20000000                        . = ALIGN (0x4)
                0x20000000                        _sdata = .
 *(.data)
 *(.data*)
 .data.SystemCoreClock
                0x20000000        0x4 ./Core/Src/system_stm32g4xx.o
                0x20000000                SystemCoreClock
 .data.uwTickPrio
                0x20000004        0x4 ./Drivers/STM32G4xx_HAL_Driver/Src/stm32g4xx_hal.o
                0x20000004                uwTickPrio
 .data.uwTickFreq
                0x20000008        0x4 ./Drivers/STM32G4xx_HAL_Driver/Src/stm32g4xx_hal.o
                0x20000008                uwTickFreq
 .data._impure_ptr
                0x2000000c        0x4 /home/sedrenn/st/stm32cubeide_1.19.0/plugins/com.st.stm32cube.ide.mcu.externaltools.gnu-tools-for-stm32.13.3.rel1.linux64_1.0.0.202410170706/tools/bin/../lib/gcc/arm-none-eabi/13.3.1/../../../../arm-none-eabi/lib/thumb/v7e-m+fp/hard/libc_nano.a(libc_a-impure.o)
                0x2000000c                _impure_ptr
 .data._impure_data
                0x20000010       0x4c /home/sedrenn/st/stm32cubeide_1.19.0/plugins/com.st.stm32cube.ide.mcu.externaltools.gnu-tools-for-stm32.13.3.rel1.linux64_1.0.0.202410170706/tools/bin/../lib/gcc/arm-none-eabi/13.3.1/../../../../arm-none-eabi/lib/thumb/v7e-m+fp/hard/libc_nano.a(libc_a-impure.o)
                0x20000010                _impure_data
 *(.RamFunc)
 *(.RamFunc*)
                0x2000005c                        . = ALIGN (0x4)
                0x2000005c                        _edata = .

.igot.plt       0x2000005c        0x0 load address 0x08008880
 .igot.plt      0x2000005c        0x0 /home/sedrenn/st/stm32cubeide_1.19.0/plugins/com.st.stm32cube.ide.mcu.externaltools.gnu-tools-for-stm32.13.3.rel1.linux64_1.0.0.202410170706/tools/bin/../lib/gcc/arm-none-eabi/13.3.1/thumb/v7e-m+fp/hard/crtbegin.o
                0x2000005c                        . = ALIGN (0x4)

.bss            0x2000005c      0x7e8 load address 0x08008880
                0x2000005c                        _sbss = .
                0x2000005c                        __bss_start__ = _sbss
 *(.bss)
 .bss           0x2000005c       0x1c /home/sedrenn/st/stm32cubeide_1.19.0/plugins/com.st.stm32cube.ide.mcu.externaltools.gnu-tools-for-stm32.13.3.rel1.linux64_1.0.0.202410170706/tools/bin/../lib/gcc/arm-none-eabi/13.3.1/thumb/v7e-m+fp/hard/crtbegin.o
 *(.bss*)
 .bss.hadc1     0x20000078       0x6c ./Core/Src/adc.o
                0x20000078                hadc1
 .bss.hadc2     0x200000e4       0x6c ./Core/Src/adc.o
                0x200000e4                hadc2
 .bss.HAL_RCC_ADC12_CLK_ENABLED
                0x20000150        0x4 ./Core/Src/adc.o
 .bss.shell_uart2_received_char
                0x20000154        0x1 ./Core/Src/app.o
 *fill*         0x20000155        0x3 
 .bss.htim6     0x20000158       0x4c ./Core/Src/stm32g4xx_hal_timebase_tim.o
                0x20000158                htim6
 .bss.__sbrk_heap_end
                0x200001a4        0x4 ./Core/Src/sysmem.o
 .bss.htim1     0x200001a8       0x4c ./Core/Src/tim.o
                0x200001a8                htim1
 .bss.htim3     0x200001f4       0x4c ./Core/Src/tim.o
                0x200001f4                htim3
 .bss.huart2    0x20000240       0x94 ./Core/Src/usart.o
                0x20000240                huart2
 .bss.huart3    0x200002d4       0x94 ./Core/Src/usart.o
                0x200002d4                huart3
 .bss.hshell1   0x20000368      0x38c ./Core/Src/user_interface/shell.o
                0x20000368                hshell1
 .bss.cmd_buffer_index.0
                0x200006f4        0x4 ./Core/Src/user_interface/shell.o
 .bss.uwTick    0x200006f8        0x4 ./Drivers/STM32G4xx_HAL_Driver/Src/stm32g4xx_hal.o
                0x200006f8                uwTick
 .bss.__sf      0x200006fc      0x138 /home/sedrenn/st/stm32cubeide_1.19.0/plugins/com.st.stm32cube.ide.mcu.externaltools.gnu-tools-for-stm32.13.3.rel1.linux64_1.0.0.202410170706/tools/bin/../lib/gcc/arm-none-eabi/13.3.1/../../../../arm-none-eabi/lib/thumb/v7e-m+fp/hard/libc_nano.a(libc_a-findfp.o)
                0x200006fc                __sf
 .bss.errno     0x20000834        0x4 /home/sedrenn/st/stm32cubeide_1.19.0/plugins/com.st.stm32cube.ide.mcu.externaltools.gnu-tools-for-stm32.13.3.rel1.linux64_1.0.0.202410170706/tools/bin/../lib/gcc/arm-none-eabi/13.3.1/../../../../arm-none-eabi/lib/thumb/v7e-m+fp/hard/libc_nano.a(libc_a-reent.o)
                0x20000834                errno
 .bss.__lock___malloc_recursive_mutex
                0x20000838        0x1 /home/sedrenn/st/stm32cubeide_1.19.0/plugins/com.st.stm32cube.ide.mcu.externaltools.gnu-tools-for-stm32.13.3.rel1.linux64_1.0.0.202410170706/tools/bin/../lib/gcc/arm-none-eabi/13.3.1/../../../../arm-none-eabi/lib/thumb/v7e-m+fp/hard/libc_nano.a(libc_a-lock.o)
                0x20000838                __lock___malloc_recursive_mutex
 *fill*         0x20000839        0x3 
 .bss.__malloc_sbrk_start
                0x2000083c        0x4 /home/sedrenn/st/stm32cubeide_1.19.0/plugins/com.st.stm32cube.ide.mcu.externaltools.gnu-tools-for-stm32.13.3.rel1.linux64_1.0.0.202410170706/tools/bin/../lib/gcc/arm-none-eabi/13.3.1/../../../../arm-none-eabi/lib/thumb/v7e-m+fp/hard/libc_nano.a(libc_a-mallocr.o)
                0x2000083c                __malloc_sbrk_start
 .bss.__malloc_free_list
                0x20000840        0x4 /home/sedrenn/st/stm32cubeide_1.19.0/plugins/com.st.stm32cube.ide.mcu.externaltools.gnu-tools-for-stm32.13.3.rel1.linux64_1.0.0.202410170706/tools/bin/../lib/gcc/arm-none-eabi/13.3.1/../../../../arm-none-eabi/lib/thumb/v7e-m+fp/hard/libc_nano.a(libc_a-mallocr.o)
                0x20000840                __malloc_free_list
 *(COMMON)
                0x20000844                        . = ALIGN (0x4)
                0x20000844                        _ebss = .
                0x20000844                        __bss_end__ = _ebss

._user_heap_stack
                0x20000844      0x604 load address 0x08008880
                0x20000848                        . = ALIGN (0x8)
 *fill*         0x20000844        0x4 
                [!provide]                        PROVIDE (end = .)
                0x20000848                        PROVIDE (_end = .)
                0x20000a48                        . = (. + _Min_Heap_Size)
 *fill*         0x20000848      0x200 
                0x20000e48                        . = (. + _Min_Stack_Size)
 *fill*         0x20000a48      0x400 
                0x20000e48                        . = ALIGN (0x8)

/DISCARD/
 libc.a(*)
 libm.a(*)
 libgcc.a(*)

.ARM.attributes
                0x00000000       0x30
 *(.ARM.attributes)
 .ARM.attributes
                0x00000000       0x22 /home/sedrenn/st/stm32cubeide_1.19.0/plugins/com.st.stm32cube.ide.mcu.externaltools.gnu-tools-for-stm32.13.3.rel1.linux64_1.0.0.202410170706/tools/bin/../lib/gcc/arm-none-eabi/13.3.1/thumb/v7e-m+fp/hard/crti.o
 .ARM.attributes
                0x00000022       0x34 /home/sedrenn/st/stm32cubeide_1.19.0/plugins/com.st.stm32cube.ide.mcu.externaltools.gnu-tools-for-stm32.13.3.rel1.linux64_1.0.0.202410170706/tools/bin/../lib/gcc/arm-none-eabi/13.3.1/thumb/v7e-m+fp/hard/crtbegin.o
 .ARM.attributes
                0x00000056       0x34 ./Core/Src/adc.o
 .ARM.attributes
                0x0000008a       0x34 ./Core/Src/app.o
 .ARM.attributes
                0x000000be       0x34 ./Core/Src/gpio.o
 .ARM.attributes
                0x000000f2       0x34 ./Core/Src/main.o
 .ARM.attributes
                0x00000126       0x34 ./Core/Src/stm32g4xx_hal_msp.o
 .ARM.attributes
                0x0000015a       0x34 ./Core/Src/stm32g4xx_hal_timebase_tim.o
 .ARM.attributes
                0x0000018e       0x34 ./Core/Src/stm32g4xx_it.o
 .ARM.attributes
                0x000001c2       0x34 ./Core/Src/sysmem.o
 .ARM.attributes
                0x000001f6       0x34 ./Core/Src/system_stm32g4xx.o
 .ARM.attributes
                0x0000022a       0x34 ./Core/Src/tim.o
 .ARM.attributes
                0x0000025e       0x34 ./Core/Src/usart.o
 .ARM.attributes
                0x00000292       0x34 ./Core/Src/user_interface/led.o
 .ARM.attributes
                0x000002c6       0x34 ./Core/Src/user_interface/shell.o
 .ARM.attributes
                0x000002fa       0x21 ./Core/Startup/startup_stm32g474retx.o
 .ARM.attributes
                0x0000031b       0x34 ./Drivers/STM32G4xx_HAL_Driver/Src/stm32g4xx_hal.o
 .ARM.attributes
                0x0000034f       0x34 ./Drivers/STM32G4xx_HAL_Driver/Src/stm32g4xx_hal_adc.o
 .ARM.attributes
                0x00000383       0x34 ./Drivers/STM32G4xx_HAL_Driver/Src/stm32g4xx_hal_adc_ex.o
 .ARM.attributes
                0x000003b7       0x34 ./Drivers/STM32G4xx_HAL_Driver/Src/stm32g4xx_hal_cortex.o
 .ARM.attributes
                0x000003eb       0x34 ./Drivers/STM32G4xx_HAL_Driver/Src/stm32g4xx_hal_dma.o
 .ARM.attributes
                0x0000041f       0x34 ./Drivers/STM32G4xx_HAL_Driver/Src/stm32g4xx_hal_gpio.o
 .ARM.attributes
                0x00000453       0x34 ./Drivers/STM32G4xx_HAL_Driver/Src/stm32g4xx_hal_pwr_ex.o
 .ARM.attributes
                0x00000487       0x34 ./Drivers/STM32G4xx_HAL_Driver/Src/stm32g4xx_hal_rcc.o
 .ARM.attributes
                0x000004bb       0x34 ./Drivers/STM32G4xx_HAL_Driver/Src/stm32g4xx_hal_rcc_ex.o
 .ARM.attributes
                0x000004ef       0x34 ./Drivers/STM32G4xx_HAL_Driver/Src/stm32g4xx_hal_tim.o
 .ARM.attributes
                0x00000523       0x34 ./Drivers/STM32G4xx_HAL_Driver/Src/stm32g4xx_hal_tim_ex.o
 .ARM.attributes
                0x00000557       0x34 ./Drivers/STM32G4xx_HAL_Driver/Src/stm32g4xx_hal_uart.o
 .ARM.attributes
                0x0000058b       0x34 ./Drivers/STM32G4xx_HAL_Driver/Src/stm32g4xx_hal_uart_ex.o
 .ARM.attributes
                0x000005bf       0x34 /home/sedrenn/st/stm32cubeide_1.19.0/plugins/com.st.stm32cube.ide.mcu.externaltools.gnu-tools-for-stm32.13.3.rel1.linux64_1.0.0.202410170706/tools/bin/../lib/gcc/arm-none-eabi/13.3.1/../../../../arm-none-eabi/lib/thumb/v7e-m+fp/hard/libc_nano.a(libc_a-findfp.o)
 .ARM.attributes
                0x000005f3       0x34 /home/sedrenn/st/stm32cubeide_1.19.0/plugins/com.st.stm32cube.ide.mcu.externaltools.gnu-tools-for-stm32.13.3.rel1.linux64_1.0.0.202410170706/tools/bin/../lib/gcc/arm-none-eabi/13.3.1/../../../../arm-none-eabi/lib/thumb/v7e-m+fp/hard/libc_nano.a(libc_a-snprintf.o)
 .ARM.attributes
                0x00000627       0x34 /home/sedrenn/st/stm32cubeide_1.19.0/plugins/com.st.stm32cube.ide.mcu.externaltools.gnu-tools-for-stm32.13.3.rel1.linux64_1.0.0.202410170706/tools/bin/../lib/gcc/arm-none-eabi/13.3.1/../../../../arm-none-eabi/lib/thumb/v7e-m+fp/hard/libc_nano.a(libc_a-memset.o)
 .ARM.attributes
                0x0000065b       0x34 /home/sedrenn/st/stm32cubeide_1.19.0/plugins/com.st.stm32cube.ide.mcu.externaltools.gnu-tools-for-stm32.13.3.rel1.linux64_1.0.0.202410170706/tools/bin/../lib/gcc/arm-none-eabi/13.3.1/../../../../arm-none-eabi/lib/thumb/v7e-m+fp/hard/libc_nano.a(libc_a-reent.o)
 .ARM.attributes
                0x0000068f       0x34 /home/sedrenn/st/stm32cubeide_1.19.0/plugins/com.st.stm32cube.ide.mcu.externaltools.gnu-tools-for-stm32.13.3.rel1.linux64_1.0.0.202410170706/tools/bin/../lib/gcc/arm-none-eabi/13.3.1/../../../../arm-none-eabi/lib/thumb/v7e-m+fp/hard/libc_nano.a(libc_a-impure.o)
 .ARM.attributes
                0x000006c3       0x34 /home/sedrenn/st/stm32cubeide_1.19.0/plugins/com.st.stm32cube.ide.mcu.externaltools.gnu-tools-for-stm32.13.3.rel1.linux64_1.0.0.202410170706/tools/bin/../lib/gcc/arm-none-eabi/13.3.1/../../../../arm-none-eabi/lib/thumb/v7e-m+fp/hard/libc_nano.a(libc_a-errno.o)
 .ARM.attributes
                0x000006f7       0x34 /home/sedrenn/st/stm32cubeide_1.19.0/plugins/com.st.stm32cube.ide.mcu.externaltools.gnu-tools-for-stm32.13.3.rel1.linux64_1.0.0.202410170706/tools/bin/../lib/gcc/arm-none-eabi/13.3.1/../../../../arm-none-eabi/lib/thumb/v7e-m+fp/hard/libc_nano.a(libc_a-init.o)
 .ARM.attributes
                0x0000072b       0x34 /home/sedrenn/st/stm32cubeide_1.19.0/plugins/com.st.stm32cube.ide.mcu.externaltools.gnu-tools-for-stm32.13.3.rel1.linux64_1.0.0.202410170706/tools/bin/../lib/gcc/arm-none-eabi/13.3.1/../../../../arm-none-eabi/lib/thumb/v7e-m+fp/hard/libc_nano.a(libc_a-lock.o)
 .ARM.attributes
                0x0000075f       0x20 /home/sedrenn/st/stm32cubeide_1.19.0/plugins/com.st.stm32cube.ide.mcu.externaltools.gnu-tools-for-stm32.13.3.rel1.linux64_1.0.0.202410170706/tools/bin/../lib/gcc/arm-none-eabi/13.3.1/../../../../arm-none-eabi/lib/thumb/v7e-m+fp/hard/libc_nano.a(libc_a-strcmp.o)
 .ARM.attributes
                0x0000077f       0x34 /home/sedrenn/st/stm32cubeide_1.19.0/plugins/com.st.stm32cube.ide.mcu.externaltools.gnu-tools-for-stm32.13.3.rel1.linux64_1.0.0.202410170706/tools/bin/../lib/gcc/arm-none-eabi/13.3.1/../../../../arm-none-eabi/lib/thumb/v7e-m+fp/hard/libc_nano.a(libc_a-freer.o)
 .ARM.attributes
                0x000007b3       0x34 /home/sedrenn/st/stm32cubeide_1.19.0/plugins/com.st.stm32cube.ide.mcu.externaltools.gnu-tools-for-stm32.13.3.rel1.linux64_1.0.0.202410170706/tools/bin/../lib/gcc/arm-none-eabi/13.3.1/../../../../arm-none-eabi/lib/thumb/v7e-m+fp/hard/libc_nano.a(libc_a-mallocr.o)
 .ARM.attributes
                0x000007e7       0x34 /home/sedrenn/st/stm32cubeide_1.19.0/plugins/com.st.stm32cube.ide.mcu.externaltools.gnu-tools-for-stm32.13.3.rel1.linux64_1.0.0.202410170706/tools/bin/../lib/gcc/arm-none-eabi/13.3.1/../../../../arm-none-eabi/lib/thumb/v7e-m+fp/hard/libc_nano.a(libc_a-mlock.o)
 .ARM.attributes
                0x0000081b       0x34 /home/sedrenn/st/stm32cubeide_1.19.0/plugins/com.st.stm32cube.ide.mcu.externaltools.gnu-tools-for-stm32.13.3.rel1.linux64_1.0.0.202410170706/tools/bin/../lib/gcc/arm-none-eabi/13.3.1/../../../../arm-none-eabi/lib/thumb/v7e-m+fp/hard/libc_nano.a(libc_a-nano-svfprintf.o)
 .ARM.attributes
                0x0000084f       0x34 /home/sedrenn/st/stm32cubeide_1.19.0/plugins/com.st.stm32cube.ide.mcu.externaltools.gnu-tools-for-stm32.13.3.rel1.linux64_1.0.0.202410170706/tools/bin/../lib/gcc/arm-none-eabi/13.3.1/../../../../arm-none-eabi/lib/thumb/v7e-m+fp/hard/libc_nano.a(libc_a-nano-vfprintf_i.o)
 .ARM.attributes
                0x00000883       0x34 /home/sedrenn/st/stm32cubeide_1.19.0/plugins/com.st.stm32cube.ide.mcu.externaltools.gnu-tools-for-stm32.13.3.rel1.linux64_1.0.0.202410170706/tools/bin/../lib/gcc/arm-none-eabi/13.3.1/../../../../arm-none-eabi/lib/thumb/v7e-m+fp/hard/libc_nano.a(libc_a-memmove.o)
 .ARM.attributes
                0x000008b7       0x34 /home/sedrenn/st/stm32cubeide_1.19.0/plugins/com.st.stm32cube.ide.mcu.externaltools.gnu-tools-for-stm32.13.3.rel1.linux64_1.0.0.202410170706/tools/bin/../lib/gcc/arm-none-eabi/13.3.1/../../../../arm-none-eabi/lib/thumb/v7e-m+fp/hard/libc_nano.a(libc_a-sbrkr.o)
 .ARM.attributes
                0x000008eb       0x1c /home/sedrenn/st/stm32cubeide_1.19.0/plugins/com.st.stm32cube.ide.mcu.externaltools.gnu-tools-for-stm32.13.3.rel1.linux64_1.0.0.202410170706/tools/bin/../lib/gcc/arm-none-eabi/13.3.1/../../../../arm-none-eabi/lib/thumb/v7e-m+fp/hard/libc_nano.a(libc_a-memchr.o)
 .ARM.attributes
                0x00000907       0x34 /home/sedrenn/st/stm32cubeide_1.19.0/plugins/com.st.stm32cube.ide.mcu.externaltools.gnu-tools-for-stm32.13.3.rel1.linux64_1.0.0.202410170706/tools/bin/../lib/gcc/arm-none-eabi/13.3.1/../../../../arm-none-eabi/lib/thumb/v7e-m+fp/hard/libc_nano.a(libc_a-memcpy-stub.o)
 .ARM.attributes
                0x0000093b       0x34 /home/sedrenn/st/stm32cubeide_1.19.0/plugins/com.st.stm32cube.ide.mcu.externaltools.gnu-tools-for-stm32.13.3.rel1.linux64_1.0.0.202410170706/tools/bin/../lib/gcc/arm-none-eabi/13.3.1/../../../../arm-none-eabi/lib/thumb/v7e-m+fp/hard/libc_nano.a(libc_a-reallocr.o)
 .ARM.attributes
                0x0000096f       0x34 /home/sedrenn/st/stm32cubeide_1.19.0/plugins/com.st.stm32cube.ide.mcu.externaltools.gnu-tools-for-stm32.13.3.rel1.linux64_1.0.0.202410170706/tools/bin/../lib/gcc/arm-none-eabi/13.3.1/../../../../arm-none-eabi/lib/thumb/v7e-m+fp/hard/libc_nano.a(libc_a-msizer.o)
 .ARM.attributes
                0x000009a3       0x22 /home/sedrenn/st/stm32cubeide_1.19.0/plugins/com.st.stm32cube.ide.mcu.externaltools.gnu-tools-for-stm32.13.3.rel1.linux64_1.0.0.202410170706/tools/bin/../lib/gcc/arm-none-eabi/13.3.1/thumb/v7e-m+fp/hard/libgcc.a(_aeabi_uldivmod.o)
 .ARM.attributes
                0x000009c5       0x34 /home/sedrenn/st/stm32cubeide_1.19.0/plugins/com.st.stm32cube.ide.mcu.externaltools.gnu-tools-for-stm32.13.3.rel1.linux64_1.0.0.202410170706/tools/bin/../lib/gcc/arm-none-eabi/13.3.1/thumb/v7e-m+fp/hard/libgcc.a(_udivmoddi4.o)
 .ARM.attributes
                0x000009f9       0x22 /home/sedrenn/st/stm32cubeide_1.19.0/plugins/com.st.stm32cube.ide.mcu.externaltools.gnu-tools-for-stm32.13.3.rel1.linux64_1.0.0.202410170706/tools/bin/../lib/gcc/arm-none-eabi/13.3.1/thumb/v7e-m+fp/hard/libgcc.a(_dvmd_tls.o)
 .ARM.attributes
                0x00000a1b       0x22 /home/sedrenn/st/stm32cubeide_1.19.0/plugins/com.st.stm32cube.ide.mcu.externaltools.gnu-tools-for-stm32.13.3.rel1.linux64_1.0.0.202410170706/tools/bin/../lib/gcc/arm-none-eabi/13.3.1/thumb/v7e-m+fp/hard/crtn.o
OUTPUT(NUCLEO-G474RET6-Inverter_Base.elf elf32-littlearm)
LOAD linker stubs
LOAD /home/sedrenn/st/stm32cubeide_1.19.0/plugins/com.st.stm32cube.ide.mcu.externaltools.gnu-tools-for-stm32.13.3.rel1.linux64_1.0.0.202410170706/tools/bin/../lib/gcc/arm-none-eabi/13.3.1/../../../../arm-none-eabi/lib/thumb/v7e-m+fp/hard/libc.a
LOAD /home/sedrenn/st/stm32cubeide_1.19.0/plugins/com.st.stm32cube.ide.mcu.externaltools.gnu-tools-for-stm32.13.3.rel1.linux64_1.0.0.202410170706/tools/bin/../lib/gcc/arm-none-eabi/13.3.1/../../../../arm-none-eabi/lib/thumb/v7e-m+fp/hard/libm.a
LOAD /home/sedrenn/st/stm32cubeide_1.19.0/plugins/com.st.stm32cube.ide.mcu.externaltools.gnu-tools-for-stm32.13.3.rel1.linux64_1.0.0.202410170706/tools/bin/../lib/gcc/arm-none-eabi/13.3.1/thumb/v7e-m+fp/hard/libgcc.a

.debug_info     0x00000000    0x1a689
 .debug_info    0x00000000     0x1021 ./Core/Src/adc.o
 .debug_info    0x00001021      0xaa8 ./Core/Src/app.o
 .debug_info    0x00001ac9      0x77a ./Core/Src/gpio.o
 .debug_info    0x00002243      0xa6f ./Core/Src/main.o
 .debug_info    0x00002cb2      0x2da ./Core/Src/stm32g4xx_hal_msp.o
 .debug_info    0x00002f8c      0xe78 ./Core/Src/stm32g4xx_hal_timebase_tim.o
 .debug_info    0x00003e04      0xc78 ./Core/Src/stm32g4xx_it.o
 .debug_info    0x00004a7c      0x168 ./Core/Src/sysmem.o
 .debug_info    0x00004be4      0x58e ./Core/Src/system_stm32g4xx.o
 .debug_info    0x00005172     0x1017 ./Core/Src/tim.o
 .debug_info    0x00006189     0x10f4 ./Core/Src/usart.o
 .debug_info    0x0000727d      0x45f ./Core/Src/user_interface/led.o
 .debug_info    0x000076dc      0x504 ./Core/Src/user_interface/shell.o
 .debug_info    0x00007be0       0x30 ./Core/Startup/startup_stm32g474retx.o
 .debug_info    0x00007c10      0xb95 ./Drivers/STM32G4xx_HAL_Driver/Src/stm32g4xx_hal.o
 .debug_info    0x000087a5     0x2063 ./Drivers/STM32G4xx_HAL_Driver/Src/stm32g4xx_hal_adc.o
 .debug_info    0x0000a808     0x1d80 ./Drivers/STM32G4xx_HAL_Driver/Src/stm32g4xx_hal_adc_ex.o
 .debug_info    0x0000c588      0xdf9 ./Drivers/STM32G4xx_HAL_Driver/Src/stm32g4xx_hal_cortex.o
 .debug_info    0x0000d381      0x85f ./Drivers/STM32G4xx_HAL_Driver/Src/stm32g4xx_hal_dma.o
 .debug_info    0x0000dbe0      0x763 ./Drivers/STM32G4xx_HAL_Driver/Src/stm32g4xx_hal_gpio.o
 .debug_info    0x0000e343      0x93f ./Drivers/STM32G4xx_HAL_Driver/Src/stm32g4xx_hal_pwr_ex.o
 .debug_info    0x0000ec82      0xbe0 ./Drivers/STM32G4xx_HAL_Driver/Src/stm32g4xx_hal_rcc.o
 .debug_info    0x0000f862      0xc45 ./Drivers/STM32G4xx_HAL_Driver/Src/stm32g4xx_hal_rcc_ex.o
 .debug_info    0x000104a7     0x2c52 ./Drivers/STM32G4xx_HAL_Driver/Src/stm32g4xx_hal_tim.o
 .debug_info    0x000130f9     0x1d95 ./Drivers/STM32G4xx_HAL_Driver/Src/stm32g4xx_hal_tim_ex.o
 .debug_info    0x00014e8e     0x481e ./Drivers/STM32G4xx_HAL_Driver/Src/stm32g4xx_hal_uart.o
 .debug_info    0x000196ac      0xfdd ./Drivers/STM32G4xx_HAL_Driver/Src/stm32g4xx_hal_uart_ex.o

.debug_abbrev   0x00000000     0x38e2
 .debug_abbrev  0x00000000      0x1f5 ./Core/Src/adc.o
 .debug_abbrev  0x000001f5      0x27f ./Core/Src/app.o
 .debug_abbrev  0x00000474      0x15b ./Core/Src/gpio.o
 .debug_abbrev  0x000005cf      0x268 ./Core/Src/main.o
 .debug_abbrev  0x00000837       0xd9 ./Core/Src/stm32g4xx_hal_msp.o
 .debug_abbrev  0x00000910      0x223 ./Core/Src/stm32g4xx_hal_timebase_tim.o
 .debug_abbrev  0x00000b33      0x1b7 ./Core/Src/stm32g4xx_it.o
 .debug_abbrev  0x00000cea       0xbc ./Core/Src/sysmem.o
 .debug_abbrev  0x00000da6      0x11a ./Core/Src/system_stm32g4xx.o
 .debug_abbrev  0x00000ec0      0x287 ./Core/Src/tim.o
 .debug_abbrev  0x00001147      0x219 ./Core/Src/usart.o
 .debug_abbrev  0x00001360      0x1f4 ./Core/Src/user_interface/led.o
 .debug_abbrev  0x00001554      0x1e0 ./Core/Src/user_interface/shell.o
 .debug_abbrev  0x00001734       0x24 ./Core/Startup/startup_stm32g474retx.o
 .debug_abbrev  0x00001758      0x271 ./Drivers/STM32G4xx_HAL_Driver/Src/stm32g4xx_hal.o
 .debug_abbrev  0x000019c9      0x2d3 ./Drivers/STM32G4xx_HAL_Driver/Src/stm32g4xx_hal_adc.o
 .debug_abbrev  0x00001c9c      0x2ee ./Drivers/STM32G4xx_HAL_Driver/Src/stm32g4xx_hal_adc_ex.o
 .debug_abbrev  0x00001f8a      0x31c ./Drivers/STM32G4xx_HAL_Driver/Src/stm32g4xx_hal_cortex.o
 .debug_abbrev  0x000022a6      0x1e2 ./Drivers/STM32G4xx_HAL_Driver/Src/stm32g4xx_hal_dma.o
 .debug_abbrev  0x00002488      0x1cb ./Drivers/STM32G4xx_HAL_Driver/Src/stm32g4xx_hal_gpio.o
 .debug_abbrev  0x00002653      0x22c ./Drivers/STM32G4xx_HAL_Driver/Src/stm32g4xx_hal_pwr_ex.o
 .debug_abbrev  0x0000287f      0x2c9 ./Drivers/STM32G4xx_HAL_Driver/Src/stm32g4xx_hal_rcc.o
 .debug_abbrev  0x00002b48      0x258 ./Drivers/STM32G4xx_HAL_Driver/Src/stm32g4xx_hal_rcc_ex.o
 .debug_abbrev  0x00002da0      0x2a7 ./Drivers/STM32G4xx_HAL_Driver/Src/stm32g4xx_hal_tim.o
 .debug_abbrev  0x00003047      0x2c5 ./Drivers/STM32G4xx_HAL_Driver/Src/stm32g4xx_hal_tim_ex.o
 .debug_abbrev  0x0000330c      0x304 ./Drivers/STM32G4xx_HAL_Driver/Src/stm32g4xx_hal_uart.o
 .debug_abbrev  0x00003610      0x2d2 ./Drivers/STM32G4xx_HAL_Driver/Src/stm32g4xx_hal_uart_ex.o

.debug_aranges  0x00000000     0x1608
 .debug_aranges
                0x00000000       0x38 ./Core/Src/adc.o
 .debug_aranges
                0x00000038       0x40 ./Core/Src/app.o
 .debug_aranges
                0x00000078       0x20 ./Core/Src/gpio.o
 .debug_aranges
                0x00000098       0x38 ./Core/Src/main.o
 .debug_aranges
                0x000000d0       0x20 ./Core/Src/stm32g4xx_hal_msp.o
 .debug_aranges
                0x000000f0       0x30 ./Core/Src/stm32g4xx_hal_timebase_tim.o
 .debug_aranges
                0x00000120       0x78 ./Core/Src/stm32g4xx_it.o
 .debug_aranges
                0x00000198       0x20 ./Core/Src/sysmem.o
 .debug_aranges
                0x000001b8       0x28 ./Core/Src/system_stm32g4xx.o
 .debug_aranges
                0x000001e0       0x50 ./Core/Src/tim.o
 .debug_aranges
                0x00000230       0x38 ./Core/Src/usart.o
 .debug_aranges
                0x00000268       0x28 ./Core/Src/user_interface/led.o
 .debug_aranges
                0x00000290       0x58 ./Core/Src/user_interface/shell.o
 .debug_aranges
                0x000002e8       0x28 ./Core/Startup/startup_stm32g474retx.o
 .debug_aranges
                0x00000310      0x148 ./Drivers/STM32G4xx_HAL_Driver/Src/stm32g4xx_hal.o
 .debug_aranges
                0x00000458      0x248 ./Drivers/STM32G4xx_HAL_Driver/Src/stm32g4xx_hal_adc.o
 .debug_aranges
                0x000006a0      0x1c0 ./Drivers/STM32G4xx_HAL_Driver/Src/stm32g4xx_hal_adc_ex.o
 .debug_aranges
                0x00000860      0x128 ./Drivers/STM32G4xx_HAL_Driver/Src/stm32g4xx_hal_cortex.o
 .debug_aranges
                0x00000988       0x90 ./Drivers/STM32G4xx_HAL_Driver/Src/stm32g4xx_hal_dma.o
 .debug_aranges
                0x00000a18       0x58 ./Drivers/STM32G4xx_HAL_Driver/Src/stm32g4xx_hal_gpio.o
 .debug_aranges
                0x00000a70      0x140 ./Drivers/STM32G4xx_HAL_Driver/Src/stm32g4xx_hal_pwr_ex.o
 .debug_aranges
                0x00000bb0       0x98 ./Drivers/STM32G4xx_HAL_Driver/Src/stm32g4xx_hal_rcc.o
 .debug_aranges
                0x00000c48       0xb0 ./Drivers/STM32G4xx_HAL_Driver/Src/stm32g4xx_hal_rcc_ex.o
 .debug_aranges
                0x00000cf8      0x3e0 ./Drivers/STM32G4xx_HAL_Driver/Src/stm32g4xx_hal_tim.o
 .debug_aranges
                0x000010d8      0x240 ./Drivers/STM32G4xx_HAL_Driver/Src/stm32g4xx_hal_tim_ex.o
 .debug_aranges
                0x00001318      0x248 ./Drivers/STM32G4xx_HAL_Driver/Src/stm32g4xx_hal_uart.o
 .debug_aranges
                0x00001560       0xa8 ./Drivers/STM32G4xx_HAL_Driver/Src/stm32g4xx_hal_uart_ex.o

.debug_rnglists
                0x00000000     0x1108
 .debug_rnglists
                0x00000000       0x29 ./Core/Src/adc.o
 .debug_rnglists
                0x00000029       0x2b ./Core/Src/app.o
 .debug_rnglists
                0x00000054       0x14 ./Core/Src/gpio.o
 .debug_rnglists
                0x00000068       0x26 ./Core/Src/main.o
 .debug_rnglists
                0x0000008e       0x13 ./Core/Src/stm32g4xx_hal_msp.o
 .debug_rnglists
                0x000000a1       0x20 ./Core/Src/stm32g4xx_hal_timebase_tim.o
 .debug_rnglists
                0x000000c1       0x55 ./Core/Src/stm32g4xx_it.o
 .debug_rnglists
                0x00000116       0x13 ./Core/Src/sysmem.o
 .debug_rnglists
                0x00000129       0x1a ./Core/Src/system_stm32g4xx.o
 .debug_rnglists
                0x00000143       0x3b ./Core/Src/tim.o
 .debug_rnglists
                0x0000017e       0x28 ./Core/Src/usart.o
 .debug_rnglists
                0x000001a6       0x1a ./Core/Src/user_interface/led.o
 .debug_rnglists
                0x000001c0       0x41 ./Core/Src/user_interface/shell.o
 .debug_rnglists
                0x00000201       0x19 ./Core/Startup/startup_stm32g474retx.o
 .debug_rnglists
                0x0000021a       0xf1 ./Drivers/STM32G4xx_HAL_Driver/Src/stm32g4xx_hal.o
 .debug_rnglists
                0x0000030b      0x1c0 ./Drivers/STM32G4xx_HAL_Driver/Src/stm32g4xx_hal_adc.o
 .debug_rnglists
                0x000004cb      0x15a ./Drivers/STM32G4xx_HAL_Driver/Src/stm32g4xx_hal_adc_ex.o
 .debug_rnglists
                0x00000625       0xda ./Drivers/STM32G4xx_HAL_Driver/Src/stm32g4xx_hal_cortex.o
 .debug_rnglists
                0x000006ff       0x71 ./Drivers/STM32G4xx_HAL_Driver/Src/stm32g4xx_hal_dma.o
 .debug_rnglists
                0x00000770       0x3f ./Drivers/STM32G4xx_HAL_Driver/Src/stm32g4xx_hal_gpio.o
 .debug_rnglists
                0x000007af       0xf1 ./Drivers/STM32G4xx_HAL_Driver/Src/stm32g4xx_hal_pwr_ex.o
 .debug_rnglists
                0x000008a0       0x74 ./Drivers/STM32G4xx_HAL_Driver/Src/stm32g4xx_hal_rcc.o
 .debug_rnglists
                0x00000914       0x87 ./Drivers/STM32G4xx_HAL_Driver/Src/stm32g4xx_hal_rcc_ex.o
 .debug_rnglists
                0x0000099b      0x328 ./Drivers/STM32G4xx_HAL_Driver/Src/stm32g4xx_hal_tim.o
 .debug_rnglists
                0x00000cc3      0x1cc ./Drivers/STM32G4xx_HAL_Driver/Src/stm32g4xx_hal_tim_ex.o
 .debug_rnglists
                0x00000e8f      0x1fa ./Drivers/STM32G4xx_HAL_Driver/Src/stm32g4xx_hal_uart.o
 .debug_rnglists
                0x00001089       0x7f ./Drivers/STM32G4xx_HAL_Driver/Src/stm32g4xx_hal_uart_ex.o

.debug_macro    0x00000000    0x29237
 .debug_macro   0x00000000      0x20a ./Core/Src/adc.o
 .debug_macro   0x0000020a      0x161 ./Core/Src/adc.o
 .debug_macro   0x0000036b       0x2e ./Core/Src/adc.o
 .debug_macro   0x00000399       0x28 ./Core/Src/adc.o
 .debug_macro   0x000003c1       0x22 ./Core/Src/adc.o
 .debug_macro   0x000003e3       0x8e ./Core/Src/adc.o
 .debug_macro   0x00000471       0x51 ./Core/Src/adc.o
 .debug_macro   0x000004c2      0x103 ./Core/Src/adc.o
 .debug_macro   0x000005c5       0x6a ./Core/Src/adc.o
 .debug_macro   0x0000062f      0x1df ./Core/Src/adc.o
 .debug_macro   0x0000080e       0x1c ./Core/Src/adc.o
 .debug_macro   0x0000082a       0x22 ./Core/Src/adc.o
 .debug_macro   0x0000084c       0xfb ./Core/Src/adc.o
 .debug_macro   0x00000947     0x1011 ./Core/Src/adc.o
 .debug_macro   0x00001958      0x11f ./Core/Src/adc.o
 .debug_macro   0x00001a77    0x18b8c ./Core/Src/adc.o
 .debug_macro   0x0001a603       0x6d ./Core/Src/adc.o
 .debug_macro   0x0001a670     0x3558 ./Core/Src/adc.o
 .debug_macro   0x0001dbc8      0x190 ./Core/Src/adc.o
 .debug_macro   0x0001dd58       0x5c ./Core/Src/adc.o
 .debug_macro   0x0001ddb4     0x171f ./Core/Src/adc.o
 .debug_macro   0x0001f4d3      0x600 ./Core/Src/adc.o
 .debug_macro   0x0001fad3      0x1b6 ./Core/Src/adc.o
 .debug_macro   0x0001fc89      0x34a ./Core/Src/adc.o
 .debug_macro   0x0001ffd3      0x53c ./Core/Src/adc.o
 .debug_macro   0x0002050f      0x18b ./Core/Src/adc.o
 .debug_macro   0x0002069a       0x43 ./Core/Src/adc.o
 .debug_macro   0x000206dd      0x23d ./Core/Src/adc.o
 .debug_macro   0x0002091a     0x1112 ./Core/Src/adc.o
 .debug_macro   0x00021a2c      0x72e ./Core/Src/adc.o
 .debug_macro   0x0002215a      0x391 ./Core/Src/adc.o
 .debug_macro   0x000224eb      0x211 ./Core/Src/adc.o
 .debug_macro   0x000226fc      0x45c ./Core/Src/adc.o
 .debug_macro   0x00022b58      0x11c ./Core/Src/adc.o
 .debug_macro   0x00022c74      0x122 ./Core/Src/adc.o
 .debug_macro   0x00022d96      0x3d1 ./Core/Src/adc.o
 .debug_macro   0x00023167      0xc0b ./Core/Src/adc.o
 .debug_macro   0x00023d72      0x718 ./Core/Src/adc.o
 .debug_macro   0x0002448a      0x693 ./Core/Src/adc.o
 .debug_macro   0x00024b1d       0xa6 ./Core/Src/adc.o
 .debug_macro   0x00024bc3      0x358 ./Core/Src/adc.o
 .debug_macro   0x00024f1b       0xe2 ./Core/Src/adc.o
 .debug_macro   0x00024ffd      0x329 ./Core/Src/app.o
 .debug_macro   0x00025326       0xe8 ./Core/Src/app.o
 .debug_macro   0x0002540e       0x61 ./Core/Src/app.o
 .debug_macro   0x0002546f       0x2a ./Core/Src/app.o
 .debug_macro   0x00025499       0x43 ./Core/Src/app.o
 .debug_macro   0x000254dc       0x34 ./Core/Src/app.o
 .debug_macro   0x00025510       0x16 ./Core/Src/app.o
 .debug_macro   0x00025526       0x3c ./Core/Src/app.o
 .debug_macro   0x00025562      0x370 ./Core/Src/app.o
 .debug_macro   0x000258d2       0x10 ./Core/Src/app.o
 .debug_macro   0x000258e2       0x16 ./Core/Src/app.o
 .debug_macro   0x000258f8       0x4a ./Core/Src/app.o
 .debug_macro   0x00025942       0x34 ./Core/Src/app.o
 .debug_macro   0x00025976       0x10 ./Core/Src/app.o
 .debug_macro   0x00025986       0x58 ./Core/Src/app.o
 .debug_macro   0x000259de       0x8e ./Core/Src/app.o
 .debug_macro   0x00025a6c       0x1c ./Core/Src/app.o
 .debug_macro   0x00025a88      0x185 ./Core/Src/app.o
 .debug_macro   0x00025c0d       0x16 ./Core/Src/app.o
 .debug_macro   0x00025c23       0x16 ./Core/Src/app.o
 .debug_macro   0x00025c39      0x146 ./Core/Src/app.o
 .debug_macro   0x00025d7f       0x16 ./Core/Src/app.o
 .debug_macro   0x00025d95       0x20 ./Core/Src/app.o
 .debug_macro   0x00025db5       0x22 ./Core/Src/app.o
 .debug_macro   0x00025dd7      0x20a ./Core/Src/gpio.o
 .debug_macro   0x00025fe1      0x23a ./Core/Src/main.o
 .debug_macro   0x0002621b      0x200 ./Core/Src/stm32g4xx_hal_msp.o
 .debug_macro   0x0002641b      0x1f1 ./Core/Src/stm32g4xx_hal_timebase_tim.o
 .debug_macro   0x0002660c      0x20a ./Core/Src/stm32g4xx_it.o
 .debug_macro   0x00026816      0x112 ./Core/Src/sysmem.o
 .debug_macro   0x00026928      0x23c ./Core/Src/sysmem.o
 .debug_macro   0x00026b64      0x1f1 ./Core/Src/system_stm32g4xx.o
 .debug_macro   0x00026d55      0x20a ./Core/Src/tim.o
 .debug_macro   0x00026f5f      0x20a ./Core/Src/usart.o
 .debug_macro   0x00027169      0x321 ./Core/Src/user_interface/led.o
 .debug_macro   0x0002748a      0x317 ./Core/Src/user_interface/shell.o
 .debug_macro   0x000277a1      0x23f ./Drivers/STM32G4xx_HAL_Driver/Src/stm32g4xx_hal.o
 .debug_macro   0x000279e0      0x20e ./Drivers/STM32G4xx_HAL_Driver/Src/stm32g4xx_hal_adc.o
 .debug_macro   0x00027bee      0x1fd ./Drivers/STM32G4xx_HAL_Driver/Src/stm32g4xx_hal_adc_ex.o
 .debug_macro   0x00027deb      0x1f1 ./Drivers/STM32G4xx_HAL_Driver/Src/stm32g4xx_hal_cortex.o
 .debug_macro   0x00027fdc      0x1f1 ./Drivers/STM32G4xx_HAL_Driver/Src/stm32g4xx_hal_dma.o
 .debug_macro   0x000281cd      0x1f8 ./Drivers/STM32G4xx_HAL_Driver/Src/stm32g4xx_hal_gpio.o
 .debug_macro   0x000283c5      0x21b ./Drivers/STM32G4xx_HAL_Driver/Src/stm32g4xx_hal_pwr_ex.o
 .debug_macro   0x000285e0      0x233 ./Drivers/STM32G4xx_HAL_Driver/Src/stm32g4xx_hal_rcc.o
 .debug_macro   0x00028813      0x21b ./Drivers/STM32G4xx_HAL_Driver/Src/stm32g4xx_hal_rcc_ex.o
 .debug_macro   0x00028a2e      0x1f9 ./Drivers/STM32G4xx_HAL_Driver/Src/stm32g4xx_hal_tim.o
 .debug_macro   0x00028c27      0x1f7 ./Drivers/STM32G4xx_HAL_Driver/Src/stm32g4xx_hal_tim_ex.o
 .debug_macro   0x00028e1e      0x21c ./Drivers/STM32G4xx_HAL_Driver/Src/stm32g4xx_hal_uart.o
 .debug_macro   0x0002903a      0x1fd ./Drivers/STM32G4xx_HAL_Driver/Src/stm32g4xx_hal_uart_ex.o

.debug_line     0x00000000    0x1aa9c
 .debug_line    0x00000000      0x8d6 ./Core/Src/adc.o
 .debug_line    0x000008d6      0x924 ./Core/Src/app.o
 .debug_line    0x000011fa      0x73c ./Core/Src/gpio.o
 .debug_line    0x00001936      0x7da ./Core/Src/main.o
 .debug_line    0x00002110      0x712 ./Core/Src/stm32g4xx_hal_msp.o
 .debug_line    0x00002822      0x77a ./Core/Src/stm32g4xx_hal_timebase_tim.o
 .debug_line    0x00002f9c      0x803 ./Core/Src/stm32g4xx_it.o
 .debug_line    0x0000379f      0x4ea ./Core/Src/sysmem.o
 .debug_line    0x00003c89      0x77e ./Core/Src/system_stm32g4xx.o
 .debug_line    0x00004407      0x8f6 ./Core/Src/tim.o
 .debug_line    0x00004cfd      0x874 ./Core/Src/usart.o
 .debug_line    0x00005571      0x95d ./Core/Src/user_interface/led.o
 .debug_line    0x00005ece      0xb61 ./Core/Src/user_interface/shell.o
 .debug_line    0x00006a2f       0x7b ./Core/Startup/startup_stm32g474retx.o
 .debug_line    0x00006aaa      0xb4a ./Drivers/STM32G4xx_HAL_Driver/Src/stm32g4xx_hal.o
 .debug_line    0x000075f4     0x2219 ./Drivers/STM32G4xx_HAL_Driver/Src/stm32g4xx_hal_adc.o
 .debug_line    0x0000980d     0x1b71 ./Drivers/STM32G4xx_HAL_Driver/Src/stm32g4xx_hal_adc_ex.o
 .debug_line    0x0000b37e      0xcaf ./Drivers/STM32G4xx_HAL_Driver/Src/stm32g4xx_hal_cortex.o
 .debug_line    0x0000c02d      0xe49 ./Drivers/STM32G4xx_HAL_Driver/Src/stm32g4xx_hal_dma.o
 .debug_line    0x0000ce76      0xb23 ./Drivers/STM32G4xx_HAL_Driver/Src/stm32g4xx_hal_gpio.o
 .debug_line    0x0000d999      0xca9 ./Drivers/STM32G4xx_HAL_Driver/Src/stm32g4xx_hal_pwr_ex.o
 .debug_line    0x0000e642      0xfcd ./Drivers/STM32G4xx_HAL_Driver/Src/stm32g4xx_hal_rcc.o
 .debug_line    0x0000f60f     0x1242 ./Drivers/STM32G4xx_HAL_Driver/Src/stm32g4xx_hal_rcc_ex.o
 .debug_line    0x00010851     0x3fe3 ./Drivers/STM32G4xx_HAL_Driver/Src/stm32g4xx_hal_tim.o
 .debug_line    0x00014834     0x2051 ./Drivers/STM32G4xx_HAL_Driver/Src/stm32g4xx_hal_tim_ex.o
 .debug_line    0x00016885     0x3598 ./Drivers/STM32G4xx_HAL_Driver/Src/stm32g4xx_hal_uart.o
 .debug_line    0x00019e1d      0xc7f ./Drivers/STM32G4xx_HAL_Driver/Src/stm32g4xx_hal_uart_ex.o

.debug_str      0x00000000   0x113006
 .debug_str     0x00000000   0x113006 ./Core/Src/adc.o
                             0x109353 (size before relaxing)
 .debug_str     0x00113006   0x10c886 ./Core/Src/app.o
 .debug_str     0x00113006   0x109102 ./Core/Src/gpio.o
 .debug_str     0x00113006   0x109136 ./Core/Src/main.o
 .debug_str     0x00113006   0x1089fe ./Core/Src/stm32g4xx_hal_msp.o
 .debug_str     0x00113006   0x109423 ./Core/Src/stm32g4xx_hal_timebase_tim.o
 .debug_str     0x00113006   0x10923c ./Core/Src/stm32g4xx_it.o
 .debug_str     0x00113006     0x778b ./Core/Src/sysmem.o
 .debug_str     0x00113006   0x10871f ./Core/Src/system_stm32g4xx.o
 .debug_str     0x00113006   0x109416 ./Core/Src/tim.o
 .debug_str     0x00113006   0x109920 ./Core/Src/usart.o
 .debug_str     0x00113006   0x10c33d ./Core/Src/user_interface/led.o
 .debug_str     0x00113006   0x10c2d9 ./Core/Src/user_interface/shell.o
 .debug_str     0x00113006       0x8d ./Core/Startup/startup_stm32g474retx.o
 .debug_str     0x00113006   0x109431 ./Drivers/STM32G4xx_HAL_Driver/Src/stm32g4xx_hal.o
 .debug_str     0x00113006   0x10974c ./Drivers/STM32G4xx_HAL_Driver/Src/stm32g4xx_hal_adc.o
 .debug_str     0x00113006   0x1096f2 ./Drivers/STM32G4xx_HAL_Driver/Src/stm32g4xx_hal_adc_ex.o
 .debug_str     0x00113006   0x1090ed ./Drivers/STM32G4xx_HAL_Driver/Src/stm32g4xx_hal_cortex.o
 .debug_str     0x00113006   0x108af9 ./Drivers/STM32G4xx_HAL_Driver/Src/stm32g4xx_hal_dma.o
 .debug_str     0x00113006   0x1088aa ./Drivers/STM32G4xx_HAL_Driver/Src/stm32g4xx_hal_gpio.o
 .debug_str     0x00113006   0x108c0d ./Drivers/STM32G4xx_HAL_Driver/Src/stm32g4xx_hal_pwr_ex.o
 .debug_str     0x00113006   0x108e3e ./Drivers/STM32G4xx_HAL_Driver/Src/stm32g4xx_hal_rcc.o
 .debug_str     0x00113006   0x108e68 ./Drivers/STM32G4xx_HAL_Driver/Src/stm32g4xx_hal_rcc_ex.o
 .debug_str     0x00113006   0x109c1d ./Drivers/STM32G4xx_HAL_Driver/Src/stm32g4xx_hal_tim.o
 .debug_str     0x00113006   0x109891 ./Drivers/STM32G4xx_HAL_Driver/Src/stm32g4xx_hal_tim_ex.o
 .debug_str     0x00113006   0x1096da ./Drivers/STM32G4xx_HAL_Driver/Src/stm32g4xx_hal_uart.o
 .debug_str     0x00113006   0x108ed8 ./Drivers/STM32G4xx_HAL_Driver/Src/stm32g4xx_hal_uart_ex.o

.comment        0x00000000       0x43
 .comment       0x00000000       0x43 ./Core/Src/adc.o
                                 0x44 (size before relaxing)
 .comment       0x00000043       0x44 ./Core/Src/app.o
 .comment       0x00000043       0x44 ./Core/Src/gpio.o
 .comment       0x00000043       0x44 ./Core/Src/main.o
 .comment       0x00000043       0x44 ./Core/Src/stm32g4xx_hal_msp.o
 .comment       0x00000043       0x44 ./Core/Src/stm32g4xx_hal_timebase_tim.o
 .comment       0x00000043       0x44 ./Core/Src/stm32g4xx_it.o
 .comment       0x00000043       0x44 ./Core/Src/sysmem.o
 .comment       0x00000043       0x44 ./Core/Src/system_stm32g4xx.o
 .comment       0x00000043       0x44 ./Core/Src/tim.o
 .comment       0x00000043       0x44 ./Core/Src/usart.o
 .comment       0x00000043       0x44 ./Core/Src/user_interface/led.o
 .comment       0x00000043       0x44 ./Core/Src/user_interface/shell.o
 .comment       0x00000043       0x44 ./Drivers/STM32G4xx_HAL_Driver/Src/stm32g4xx_hal.o
 .comment       0x00000043       0x44 ./Drivers/STM32G4xx_HAL_Driver/Src/stm32g4xx_hal_adc.o
 .comment       0x00000043       0x44 ./Drivers/STM32G4xx_HAL_Driver/Src/stm32g4xx_hal_adc_ex.o
 .comment       0x00000043       0x44 ./Drivers/STM32G4xx_HAL_Driver/Src/stm32g4xx_hal_cortex.o
 .comment       0x00000043       0x44 ./Drivers/STM32G4xx_HAL_Driver/Src/stm32g4xx_hal_dma.o
 .comment       0x00000043       0x44 ./Drivers/STM32G4xx_HAL_Driver/Src/stm32g4xx_hal_gpio.o
 .comment       0x00000043       0x44 ./Drivers/STM32G4xx_HAL_Driver/Src/stm32g4xx_hal_pwr_ex.o
 .comment       0x00000043       0x44 ./Drivers/STM32G4xx_HAL_Driver/Src/stm32g4xx_hal_rcc.o
 .comment       0x00000043       0x44 ./Drivers/STM32G4xx_HAL_Driver/Src/stm32g4xx_hal_rcc_ex.o
 .comment       0x00000043       0x44 ./Drivers/STM32G4xx_HAL_Driver/Src/stm32g4xx_hal_tim.o
 .comment       0x00000043       0x44 ./Drivers/STM32G4xx_HAL_Driver/Src/stm32g4xx_hal_tim_ex.o
 .comment       0x00000043       0x44 ./Drivers/STM32G4xx_HAL_Driver/Src/stm32g4xx_hal_uart.o
 .comment       0x00000043       0x44 ./Drivers/STM32G4xx_HAL_Driver/Src/stm32g4xx_hal_uart_ex.o

.debug_frame    0x00000000     0x6224
 .debug_frame   0x00000000       0xa4 ./Core/Src/adc.o
 .debug_frame   0x000000a4       0xbc ./Core/Src/app.o
 .debug_frame   0x00000160       0x34 ./Core/Src/gpio.o
 .debug_frame   0x00000194       0x8c ./Core/Src/main.o
 .debug_frame   0x00000220       0x34 ./Core/Src/stm32g4xx_hal_msp.o
 .debug_frame   0x00000254       0x74 ./Core/Src/stm32g4xx_hal_timebase_tim.o
 .debug_frame   0x000002c8      0x15c ./Core/Src/stm32g4xx_it.o
 .debug_frame   0x00000424       0x34 ./Core/Src/sysmem.o
 .debug_frame   0x00000458       0x58 ./Core/Src/system_stm32g4xx.o
 .debug_frame   0x000004b0      0x114 ./Core/Src/tim.o
 .debug_frame   0x000005c4       0x94 ./Core/Src/usart.o